Archive member included to satisfy reference by file (symbol)

C:/Program Files/Arm/GNU Toolchain mingw-w64-x86_64-arm-none-eabi/bin/../lib/gcc/arm-none-eabi/15.3.1/thumb/v6-m/nofp\libgcc.a(_dvmd_tls.o)
                              CMakeFiles/emmc_reader_writer.dir/C_/pico-sdk-master/src/rp2_common/pico_divider/divider_hardware.S.obj (__aeabi_idiv0)
C:/Program Files/Arm/GNU Toolchain mingw-w64-x86_64-arm-none-eabi/bin/../lib/gcc/arm-none-eabi/15.3.1/../../../../arm-none-eabi/lib/thumb/v6-m/nofp\libg.a(libc_a-calloc.o)
                              CMakeFiles/emmc_reader_writer.dir/C_/pico-sdk-master/src/rp2_common/pico_malloc/malloc.c.obj (calloc)
C:/Program Files/Arm/GNU Toolchain mingw-w64-x86_64-arm-none-eabi/bin/../lib/gcc/arm-none-eabi/15.3.1/../../../../arm-none-eabi/lib/thumb/v6-m/nofp\libg.a(libc_a-callocr.o)
                              C:/Program Files/Arm/GNU Toolchain mingw-w64-x86_64-arm-none-eabi/bin/../lib/gcc/arm-none-eabi/15.3.1/../../../../arm-none-eabi/lib/thumb/v6-m/nofp\libg.a(libc_a-calloc.o) (_calloc_r)
C:/Program Files/Arm/GNU Toolchain mingw-w64-x86_64-arm-none-eabi/bin/../lib/gcc/arm-none-eabi/15.3.1/../../../../arm-none-eabi/lib/thumb/v6-m/nofp\libg.a(libc_a-malloc.o)
                              CMakeFiles/emmc_reader_writer.dir/C_/pico-sdk-master/src/rp2_common/pico_malloc/malloc.c.obj (malloc)
C:/Program Files/Arm/GNU Toolchain mingw-w64-x86_64-arm-none-eabi/bin/../lib/gcc/arm-none-eabi/15.3.1/../../../../arm-none-eabi/lib/thumb/v6-m/nofp\libg.a(libc_a-mallocr.o)
                              C:/Program Files/Arm/GNU Toolchain mingw-w64-x86_64-arm-none-eabi/bin/../lib/gcc/arm-none-eabi/15.3.1/../../../../arm-none-eabi/lib/thumb/v6-m/nofp\libg.a(libc_a-callocr.o) (_malloc_r)
C:/Program Files/Arm/GNU Toolchain mingw-w64-x86_64-arm-none-eabi/bin/../lib/gcc/arm-none-eabi/15.3.1/../../../../arm-none-eabi/lib/thumb/v6-m/nofp\libg.a(libc_a-mlock.o)
                              C:/Program Files/Arm/GNU Toolchain mingw-w64-x86_64-arm-none-eabi/bin/../lib/gcc/arm-none-eabi/15.3.1/../../../../arm-none-eabi/lib/thumb/v6-m/nofp\libg.a(libc_a-mallocr.o) (__malloc_lock)
C:/Program Files/Arm/GNU Toolchain mingw-w64-x86_64-arm-none-eabi/bin/../lib/gcc/arm-none-eabi/15.3.1/../../../../arm-none-eabi/lib/thumb/v6-m/nofp\libg.a(libc_a-realloc.o)
                              CMakeFiles/emmc_reader_writer.dir/C_/pico-sdk-master/src/rp2_common/pico_malloc/malloc.c.obj (realloc)
C:/Program Files/Arm/GNU Toolchain mingw-w64-x86_64-arm-none-eabi/bin/../lib/gcc/arm-none-eabi/15.3.1/../../../../arm-none-eabi/lib/thumb/v6-m/nofp\libg.a(libc_a-reallocr.o)
                              C:/Program Files/Arm/GNU Toolchain mingw-w64-x86_64-arm-none-eabi/bin/../lib/gcc/arm-none-eabi/15.3.1/../../../../arm-none-eabi/lib/thumb/v6-m/nofp\libg.a(libc_a-realloc.o) (_realloc_r)
C:/Program Files/Arm/GNU Toolchain mingw-w64-x86_64-arm-none-eabi/bin/../lib/gcc/arm-none-eabi/15.3.1/../../../../arm-none-eabi/lib/thumb/v6-m/nofp\libg.a(libc_a-sscanf.o)
                              CMakeFiles/emmc_reader_writer.dir/src/main.c.obj (sscanf)
C:/Program Files/Arm/GNU Toolchain mingw-w64-x86_64-arm-none-eabi/bin/../lib/gcc/arm-none-eabi/15.3.1/../../../../arm-none-eabi/lib/thumb/v6-m/nofp\libg.a(libc_a-stdio.o)
                              C:/Program Files/Arm/GNU Toolchain mingw-w64-x86_64-arm-none-eabi/bin/../lib/gcc/arm-none-eabi/15.3.1/../../../../arm-none-eabi/lib/thumb/v6-m/nofp\libg.a(libc_a-sscanf.o) (__seofread)
C:/Program Files/Arm/GNU Toolchain mingw-w64-x86_64-arm-none-eabi/bin/../lib/gcc/arm-none-eabi/15.3.1/../../../../arm-none-eabi/lib/thumb/v6-m/nofp\libg.a(libc_a-memcmp.o)
                              CMakeFiles/emmc_reader_writer.dir/src/proto_emmc.c.obj (memcmp)
C:/Program Files/Arm/GNU Toolchain mingw-w64-x86_64-arm-none-eabi/bin/../lib/gcc/arm-none-eabi/15.3.1/../../../../arm-none-eabi/lib/thumb/v6-m/nofp\libg.a(libc_a-memmove.o)
                              C:/Program Files/Arm/GNU Toolchain mingw-w64-x86_64-arm-none-eabi/bin/../lib/gcc/arm-none-eabi/15.3.1/../../../../arm-none-eabi/lib/thumb/v6-m/nofp\libg.a(libc_a-reallocr.o) (memmove)
C:/Program Files/Arm/GNU Toolchain mingw-w64-x86_64-arm-none-eabi/bin/../lib/gcc/arm-none-eabi/15.3.1/../../../../arm-none-eabi/lib/thumb/v6-m/nofp\libg.a(libc_a-strcspn.o)
                              CMakeFiles/emmc_reader_writer.dir/src/main.c.obj (strcspn)
C:/Program Files/Arm/GNU Toolchain mingw-w64-x86_64-arm-none-eabi/bin/../lib/gcc/arm-none-eabi/15.3.1/../../../../arm-none-eabi/lib/thumb/v6-m/nofp\libg.a(libc_a-strncmp.o)
                              CMakeFiles/emmc_reader_writer.dir/src/main.c.obj (strncmp)
C:/Program Files/Arm/GNU Toolchain mingw-w64-x86_64-arm-none-eabi/bin/../lib/gcc/arm-none-eabi/15.3.1/../../../../arm-none-eabi/lib/thumb/v6-m/nofp\libg.a(libc_a-strstr.o)
                              CMakeFiles/emmc_reader_writer.dir/src/proto_emmc.c.obj (strstr)
[...]
Memory Configuration

Name             Origin             Length             Attributes
FLASH            0x10000000         0x00200000         xr
XIP_RAM          0x15000000         0x00004000         xrw
RAM              0x20000000         0x00040000         xrw
SCRATCH_X        0x20040000         0x00001000         xrw
SCRATCH_Y        0x20041000         0x00001000         xrw
*default*        0x00000000         0xffffffff

Linker script and memory map

                0x20000000                        RAM_ORIGIN_DEFAULT = 0x20000000
                0x00040000                        RAM_LENGTH_DEFAULT = 0x40000
                0x20040000                        SCRATCH_X_ORIGIN_DEFAULT = 0x20040000
                0x00001000                        SCRATCH_X_LENGTH_DEFAULT = 0x1000
                0x20041000                        SCRATCH_Y_ORIGIN_DEFAULT = 0x20041000
                0x00001000                        SCRATCH_Y_LENGTH_DEFAULT = 0x1000
                0x15000000                        XIP_RAM_ORIGIN_DEFAULT = 0x15000000
                0x00004000                        XIP_RAM_LENGTH_DEFAULT = 0x4000
LOAD CMakeFiles/emmc_reader_writer.dir/src/main.c.obj
LOAD CMakeFiles/emmc_reader_writer.dir/src/usb_descriptors.c.obj
LOAD CMakeFiles/emmc_reader_writer.dir/src/proto_emmc.c.obj
LOAD CMakeFiles/emmc_reader_writer.dir/C_/pico-sdk-master/src/rp2_common/pico_stdlib/stdlib.c.obj
LOAD CMakeFiles/emmc_reader_writer.dir/C_/pico-sdk-master/src/rp2_common/hardware_gpio/gpio.c.obj
LOAD CMakeFiles/emmc_reader_writer.dir/C_/pico-sdk-master/src/rp2040/pico_platform/platform.c.obj
LOAD CMakeFiles/emmc_reader_writer.dir/C_/pico-sdk-master/src/rp2_common/pico_platform_common/common.c.obj
LOAD CMakeFiles/emmc_reader_writer.dir/C_/pico-sdk-master/src/rp2_common/pico_platform_panic/panic.c.obj
LOAD CMakeFiles/emmc_reader_writer.dir/C_/pico-sdk-master/src/rp2_common/pico_platform_panic/custom_panic_function.S.obj
LOAD CMakeFiles/emmc_reader_writer.dir/C_/pico-sdk-master/src/common/hardware_claim/claim.c.obj
LOAD CMakeFiles/emmc_reader_writer.dir/C_/pico-sdk-master/src/rp2_common/hardware_sync/sync.c.obj
LOAD CMakeFiles/emmc_reader_writer.dir/C_/pico-sdk-master/src/rp2_common/hardware_sync_spin_lock/sync_spin_lock.c.obj
LOAD CMakeFiles/emmc_reader_writer.dir/C_/pico-sdk-master/src/rp2_common/hardware_irq/irq.c.obj
LOAD CMakeFiles/emmc_reader_writer.dir/C_/pico-sdk-master/src/rp2_common/hardware_irq/irq_handler_chain.S.obj
LOAD CMakeFiles/emmc_reader_writer.dir/C_/pico-sdk-master/src/common/pico_sync/sem.c.obj
LOAD CMakeFiles/emmc_reader_writer.dir/C_/pico-sdk-master/src/common/pico_sync/lock_core.c.obj
LOAD CMakeFiles/emmc_reader_writer.dir/C_/pico-sdk-master/src/common/pico_sync/mutex.c.obj
LOAD CMakeFiles/emmc_reader_writer.dir/C_/pico-sdk-master/src/common/pico_sync/critical_section.c.obj
LOAD CMakeFiles/emmc_reader_writer.dir/C_/pico-sdk-master/src/common/pico_time/time.c.obj
LOAD CMakeFiles/emmc_reader_writer.dir/C_/pico-sdk-master/src/common/pico_time/timeout_helper.c.obj
LOAD CMakeFiles/emmc_reader_writer.dir/C_/pico-sdk-master/src/rp2_common/hardware_timer/timer.c.obj
LOAD CMakeFiles/emmc_reader_writer.dir/C_/pico-sdk-master/src/common/pico_util/datetime.c.obj
LOAD CMakeFiles/emmc_reader_writer.dir/C_/pico-sdk-master/src/common/pico_util/fixed_bitset.c.obj
LOAD CMakeFiles/emmc_reader_writer.dir/C_/pico-sdk-master/src/common/pico_util/pheap.c.obj
LOAD CMakeFiles/emmc_reader_writer.dir/C_/pico-sdk-master/src/common/pico_util/queue.c.obj
LOAD CMakeFiles/emmc_reader_writer.dir/C_/pico-sdk-master/src/rp2_common/hardware_uart/uart.c.obj
LOAD CMakeFiles/emmc_reader_writer.dir/C_/pico-sdk-master/src/rp2_common/hardware_clocks/clocks.c.obj
LOAD CMakeFiles/emmc_reader_writer.dir/C_/pico-sdk-master/src/rp2_common/hardware_pll/pll.c.obj
LOAD CMakeFiles/emmc_reader_writer.dir/C_/pico-sdk-master/src/rp2_common/hardware_vreg/vreg.c.obj
LOAD CMakeFiles/emmc_reader_writer.dir/C_/pico-sdk-master/src/rp2_common/hardware_watchdog/watchdog.c.obj
LOAD CMakeFiles/emmc_reader_writer.dir/C_/pico-sdk-master/src/rp2_common/hardware_ticks/ticks.c.obj
LOAD CMakeFiles/emmc_reader_writer.dir/C_/pico-sdk-master/src/rp2_common/pico_bootrom/bootrom.c.obj
LOAD CMakeFiles/emmc_reader_writer.dir/C_/pico-sdk-master/src/rp2_common/pico_bootrom/bootrom_lock.c.obj
LOAD CMakeFiles/emmc_reader_writer.dir/C_/pico-sdk-master/src/rp2_common/hardware_boot_lock/boot_lock.c.obj
LOAD CMakeFiles/emmc_reader_writer.dir/C_/pico-sdk-master/src/rp2_common/pico_flash/flash.c.obj
LOAD CMakeFiles/emmc_reader_writer.dir/C_/pico-sdk-master/src/rp2_common/hardware_xosc/xosc.c.obj
LOAD CMakeFiles/emmc_reader_writer.dir/C_/pico-sdk-master/src/rp2_common/hardware_divider/divider.S.obj
LOAD CMakeFiles/emmc_reader_writer.dir/C_/pico-sdk-master/src/rp2_common/pico_runtime/runtime.c.obj
LOAD CMakeFiles/emmc_reader_writer.dir/C_/pico-sdk-master/src/rp2_common/pico_runtime_init/runtime_init.c.obj
LOAD CMakeFiles/emmc_reader_writer.dir/C_/pico-sdk-master/src/rp2_common/pico_runtime_init/runtime_init_clocks.c.obj
LOAD CMakeFiles/emmc_reader_writer.dir/C_/pico-sdk-master/src/rp2_common/pico_runtime_init/runtime_init_stack_guard.c.obj
LOAD CMakeFiles/emmc_reader_writer.dir/C_/pico-sdk-master/src/rp2_common/hardware_rtc/rtc.c.obj
LOAD CMakeFiles/emmc_reader_writer.dir/C_/pico-sdk-master/src/rp2_common/pico_bit_ops/bit_ops_aeabi.S.obj
LOAD CMakeFiles/emmc_reader_writer.dir/C_/pico-sdk-master/src/rp2_common/pico_divider/divider_hardware.S.obj
LOAD CMakeFiles/emmc_reader_writer.dir/C_/pico-sdk-master/src/rp2_common/pico_double/double_aeabi_rp2040.S.obj
LOAD CMakeFiles/emmc_reader_writer.dir/C_/pico-sdk-master/src/rp2_common/pico_double/double_init_rom_rp2040.c.obj
LOAD CMakeFiles/emmc_reader_writer.dir/C_/pico-sdk-master/src/rp2_common/pico_double/double_math.c.obj
LOAD CMakeFiles/emmc_reader_writer.dir/C_/pico-sdk-master/src/rp2_common/pico_double/double_v1_rom_shim_rp2040.S.obj
LOAD CMakeFiles/emmc_reader_writer.dir/C_/pico-sdk-master/src/rp2_common/pico_int64_ops/pico_int64_ops_aeabi.S.obj
LOAD CMakeFiles/emmc_reader_writer.dir/C_/pico-sdk-master/src/rp2_common/pico_float/float_aeabi_rp2040.S.obj
LOAD CMakeFiles/emmc_reader_writer.dir/C_/pico-sdk-master/src/rp2_common/pico_float/float_init_rom_rp2040.c.obj
LOAD CMakeFiles/emmc_reader_writer.dir/C_/pico-sdk-master/src/rp2_common/pico_float/float_math.c.obj
LOAD CMakeFiles/emmc_reader_writer.dir/C_/pico-sdk-master/src/rp2_common/pico_float/float_v1_rom_shim_rp2040.S.obj
LOAD CMakeFiles/emmc_reader_writer.dir/C_/pico-sdk-master/src/rp2_common/pico_malloc/malloc.c.obj
LOAD CMakeFiles/emmc_reader_writer.dir/C_/pico-sdk-master/src/rp2_common/pico_mem_ops/mem_ops_aeabi.S.obj
LOAD CMakeFiles/emmc_reader_writer.dir/C_/pico-sdk-master/src/rp2_common/pico_atomic/atomic.c.obj
LOAD CMakeFiles/emmc_reader_writer.dir/C_/pico-sdk-master/src/rp2_common/pico_cxx_options/new_delete.cpp.obj
LOAD CMakeFiles/emmc_reader_writer.dir/C_/pico-sdk-master/src/rp2_common/pico_standard_binary_info/standard_binary_info.c.obj
LOAD CMakeFiles/emmc_reader_writer.dir/C_/pico-sdk-master/src/rp2_common/pico_printf/printf.c.obj
LOAD CMakeFiles/emmc_reader_writer.dir/C_/pico-sdk-master/src/rp2_common/pico_crt0/crt0.S.obj
LOAD CMakeFiles/emmc_reader_writer.dir/C_/pico-sdk-master/src/rp2_common/pico_clib_interface/newlib_interface.c.obj
LOAD CMakeFiles/emmc_reader_writer.dir/C_/pico-sdk-master/src/rp2_common/pico_clib_interface/cxa_guard.c.obj
LOAD CMakeFiles/emmc_reader_writer.dir/C_/pico-sdk-master/src/rp2_common/pico_stdio/stdio.c.obj
LOAD CMakeFiles/emmc_reader_writer.dir/C_/pico-sdk-master/src/rp2_common/pico_stdio_usb/stdio_usb.c.obj
LOAD CMakeFiles/emmc_reader_writer.dir/C_/pico-sdk-master/src/rp2_common/pico_stdio_usb/stdio_usb_descriptors.c.obj
LOAD CMakeFiles/emmc_reader_writer.dir/C_/pico-sdk-master/src/rp2_common/pico_unique_id/unique_id.c.obj
LOAD CMakeFiles/emmc_reader_writer.dir/C_/pico-sdk-master/src/rp2_common/hardware_flash/flash.c.obj
LOAD CMakeFiles/emmc_reader_writer.dir/C_/pico-sdk-master/src/rp2_common/hardware_xip_cache/xip_cache.c.obj
LOAD CMakeFiles/emmc_reader_writer.dir/C_/pico-sdk-master/src/rp2_common/pico_usb_reset/usb_reset.c.obj
LOAD CMakeFiles/emmc_reader_writer.dir/C_/pico-sdk-master/lib/tinyusb/src/portable/raspberrypi/rp2040/dcd_rp2040.c.obj
LOAD CMakeFiles/emmc_reader_writer.dir/C_/pico-sdk-master/lib/tinyusb/src/portable/raspberrypi/rp2040/rp2040_usb.c.obj
LOAD CMakeFiles/emmc_reader_writer.dir/C_/pico-sdk-master/lib/tinyusb/src/device/usbd.c.obj
LOAD CMakeFiles/emmc_reader_writer.dir/C_/pico-sdk-master/lib/tinyusb/src/class/audio/audio_device.c.obj
LOAD CMakeFiles/emmc_reader_writer.dir/C_/pico-sdk-master/lib/tinyusb/src/class/cdc/cdc_device.c.obj
LOAD CMakeFiles/emmc_reader_writer.dir/C_/pico-sdk-master/lib/tinyusb/src/class/dfu/dfu_device.c.obj
LOAD CMakeFiles/emmc_reader_writer.dir/C_/pico-sdk-master/lib/tinyusb/src/class/dfu/dfu_rt_device.c.obj
LOAD CMakeFiles/emmc_reader_writer.dir/C_/pico-sdk-master/lib/tinyusb/src/class/hid/hid_device.c.obj
LOAD CMakeFiles/emmc_reader_writer.dir/C_/pico-sdk-master/lib/tinyusb/src/class/midi/midi_device.c.obj
LOAD CMakeFiles/emmc_reader_writer.dir/C_/pico-sdk-master/lib/tinyusb/src/class/midi/midi2_device.c.obj
LOAD CMakeFiles/emmc_reader_writer.dir/C_/pico-sdk-master/lib/tinyusb/src/class/msc/msc_device.c.obj
LOAD CMakeFiles/emmc_reader_writer.dir/C_/pico-sdk-master/lib/tinyusb/src/class/mtp/mtp_device.c.obj
LOAD CMakeFiles/emmc_reader_writer.dir/C_/pico-sdk-master/lib/tinyusb/src/class/net/ecm_rndis_device.c.obj
LOAD CMakeFiles/emmc_reader_writer.dir/C_/pico-sdk-master/lib/tinyusb/src/class/net/ncm_device.c.obj
LOAD CMakeFiles/emmc_reader_writer.dir/C_/pico-sdk-master/lib/tinyusb/src/class/printer/printer_device.c.obj
LOAD CMakeFiles/emmc_reader_writer.dir/C_/pico-sdk-master/lib/tinyusb/src/class/usbtmc/usbtmc_device.c.obj
LOAD CMakeFiles/emmc_reader_writer.dir/C_/pico-sdk-master/lib/tinyusb/src/class/vendor/vendor_device.c.obj
LOAD CMakeFiles/emmc_reader_writer.dir/C_/pico-sdk-master/lib/tinyusb/src/class/video/video_device.c.obj
LOAD CMakeFiles/emmc_reader_writer.dir/C_/pico-sdk-master/lib/tinyusb/src/tusb.c.obj
LOAD CMakeFiles/emmc_reader_writer.dir/C_/pico-sdk-master/lib/tinyusb/src/common/tusb_fifo.c.obj
LOAD CMakeFiles/emmc_reader_writer.dir/C_/pico-sdk-master/src/rp2_common/pico_fix/rp2040_usb_device_enumeration/rp2040_usb_device_enumeration.c.obj
LOAD CMakeFiles/emmc_reader_writer.dir/C_/pico-sdk-master/src/rp2_common/pico_thread_local/thread_local.c.obj
LOAD CMakeFiles/emmc_reader_writer.dir/C_/pico-sdk-master/src/rp2_common/hardware_spi/spi.c.obj
LOAD CMakeFiles/emmc_reader_writer.dir/C_/pico-sdk-master/src/rp2_common/hardware_pio/pio.c.obj
LOAD CMakeFiles/emmc_reader_writer.dir/C_/pico-sdk-master/src/rp2_common/hardware_dma/dma.c.obj
LOAD CMakeFiles/emmc_reader_writer.dir/C_/pico-sdk-master/lib/tinyusb/hw/bsp/rp2040/family.c.obj
LOAD pico-sdk/src/rp2040/boot_stage2/CMakeFiles/bs2_default_library.dir/./bs2_default_padded_checksummed.S.obj
LOAD C:/Program Files/Arm/GNU Toolchain mingw-w64-x86_64-arm-none-eabi/bin/../lib/gcc/arm-none-eabi/15.3.1/../../../../arm-none-eabi/lib/thumb/v6-m/nofp\libstdc++.a
LOAD C:/Program Files/Arm/GNU Toolchain mingw-w64-x86_64-arm-none-eabi/bin/../lib/gcc/arm-none-eabi/15.3.1/../../../../arm-none-eabi/lib/thumb/v6-m/nofp\libm.a
START GROUP
LOAD C:/Program Files/Arm/GNU Toolchain mingw-w64-x86_64-arm-none-eabi/bin/../lib/gcc/arm-none-eabi/15.3.1/thumb/v6-m/nofp\libgcc.a
LOAD C:/Program Files/Arm/GNU Toolchain mingw-w64-x86_64-arm-none-eabi/bin/../lib/gcc/arm-none-eabi/15.3.1/../../../../arm-none-eabi/lib/thumb/v6-m/nofp\libg.a
LOAD C:/Program Files/Arm/GNU Toolchain mingw-w64-x86_64-arm-none-eabi/bin/../lib/gcc/arm-none-eabi/15.3.1/../../../../arm-none-eabi/lib/thumb/v6-m/nofp\libc.a
END GROUP
                0x20000000                        PROVIDE (RAM_ORIGIN = RAM_ORIGIN_DEFAULT)
                0x00040000                        PROVIDE (RAM_LENGTH = RAM_LENGTH_DEFAULT)
                0x20040000                        PROVIDE (SCRATCH_X_ORIGIN = SCRATCH_X_ORIGIN_DEFAULT)
                0x00001000                        PROVIDE (SCRATCH_X_LENGTH = SCRATCH_X_LENGTH_DEFAULT)
                0x20041000                        PROVIDE (SCRATCH_Y_ORIGIN = SCRATCH_Y_ORIGIN_DEFAULT)
                0x00001000                        PROVIDE (SCRATCH_Y_LENGTH = SCRATCH_Y_LENGTH_DEFAULT)
                0x15000000                        PROVIDE (XIP_RAM_ORIGIN = XIP_RAM_ORIGIN_DEFAULT)
                0x00004000                        PROVIDE (XIP_RAM_LENGTH = XIP_RAM_LENGTH_DEFAULT)
                0x20000000                        RAM_ORIGIN = DEFINED (RAM_ORIGIN)?RAM_ORIGIN:RAM_ORIGIN_DEFAULT
                0x00040000                        RAM_LENGTH = DEFINED (RAM_LENGTH)?RAM_LENGTH:RAM_LENGTH_DEFAULT
                0x20040000                        SCRATCH_X_ORIGIN = DEFINED (SCRATCH_X_ORIGIN)?SCRATCH_X_ORIGIN:SCRATCH_X_ORIGIN_DEFAULT
                0x00001000                        SCRATCH_X_LENGTH = DEFINED (SCRATCH_X_LENGTH)?SCRATCH_X_LENGTH:SCRATCH_X_LENGTH_DEFAULT
                0x20041000                        SCRATCH_Y_ORIGIN = DEFINED (SCRATCH_Y_ORIGIN)?SCRATCH_Y_ORIGIN:SCRATCH_Y_ORIGIN_DEFAULT
                0x00001000                        SCRATCH_Y_LENGTH = DEFINED (SCRATCH_Y_LENGTH)?SCRATCH_Y_LENGTH:SCRATCH_Y_LENGTH_DEFAULT
                0x15000000                        XIP_RAM_ORIGIN = DEFINED (XIP_RAM_ORIGIN)?XIP_RAM_ORIGIN:XIP_RAM_ORIGIN_DEFAULT
                0x00004000                        XIP_RAM_LENGTH = DEFINED (XIP_RAM_LENGTH)?XIP_RAM_LENGTH:XIP_RAM_LENGTH_DEFAULT

.flash_begin    0x10000000        0x0
                0x10000000                        __flash_binary_start = .

.boot2          0x10000000      0x100
                0x10000000                        __boot2_start__ = .
 *(.boot2)
 .boot2         0x10000000      0x100 pico-sdk/src/rp2040/boot_stage2/CMakeFiles/bs2_default_library.dir/./bs2_default_padded_checksummed.S.obj
                0x10000100                        __boot2_end__ = .
                0x00000001                        ASSERT (((__boot2_end__ - __boot2_start__) == 0x100), ERROR: Pico second stage bootloader must be exactly 256 bytes in size for RP2040)

.text           0x10000100    0x141d8
                0x10000100                        __logical_binary_start = .
 *(.vectors)
 .vectors       0x10000100       0xd4 CMakeFiles/emmc_reader_writer.dir/C_/pico-sdk-master/src/rp2_common/pico_crt0/crt0.S.obj
                0x10000100                __VECTOR_TABLE
                0x10000100                __vectors
                0x100001c0                isr_irq13
                0x100001c0                isr_irq27
                0x100001c0                isr_irq31
                0x100001c0                isr_irq12
                0x100001c0                isr_irq5
                0x100001c0                isr_irq11
                0x100001c0                isr_irq3
                0x100001c0                isr_irq23
                0x100001c0                __unhandled_user_irq
                0x100001c0                isr_irq26
                0x100001c0                isr_irq28
                0x100001c0                isr_irq19
                0x100001c0                isr_irq0
                0x100001c0                isr_irq6
                0x100001c0                isr_irq29
                0x100001c0                isr_irq16
                0x100001c0                isr_irq22
                0x100001c0                isr_irq18
                0x100001c0                isr_irq17
                0x100001c0                isr_irq14
                0x100001c0                __vectors_end
                0x100001c0                __default_isrs_start
                0x100001c0                isr_irq2
                0x100001c0                isr_irq10
                0x100001c0                isr_irq8
                0x100001c0                isr_irq24
                0x100001c0                isr_irq1
                0x100001c0                isr_irq7
                0x100001c0                isr_irq21
                0x100001c0                isr_irq20
                0x100001c0                isr_irq15
                0x100001c0                isr_irq25
                0x100001c0                isr_irq4
                0x100001c0                isr_irq30
                0x100001c0                isr_irq9
                0x100001c6                unhandled_user_irq_num_in_r0
                0x100001c8                isr_invalid
                0x100001ca                isr_nmi
                0x100001cc                isr_hardfault
                0x100001ce                isr_svcall
                0x100001d0                isr_pendsv
                0x100001d2                isr_systick
                0x100001d4                __default_isrs_end
 *(.binary_info_header)
 .binary_info_header
                0x100001d4       0x14 CMakeFiles/emmc_reader_writer.dir/C_/pico-sdk-master/src/rp2_common/pico_crt0/crt0.S.obj
                0x100001e8                        __binary_info_header_end = .
 *(.embedded_block)
                0x100001e8                        __embedded_block_end = .
 *(.reset)
 .reset         0x100001e8       0x98 CMakeFiles/emmc_reader_writer.dir/C_/pico-sdk-master/src/rp2_common/pico_crt0/crt0.S.obj
                0x100001e8                _entry_point
 *(.init)
 *libgcc.a:cmse_nonsecure_call.o()
 *(EXCLUDE_FILE(*libm.a: *libgcc.a:) .text*)
 .text.signal_monitor_stop
                0x10000280       0x90 CMakeFiles/emmc_reader_writer.dir/src/main.c.obj
 .text.signal_monitor_send_status
                0x10000310      0x130 CMakeFiles/emmc_reader_writer.dir/src/main.c.obj
 .text.process_command.constprop.0
                0x10000440     0x11d4 CMakeFiles/emmc_reader_writer.dir/src/main.c.obj
 .text.app_debug_level
                0x10001614        0x4 CMakeFiles/emmc_reader_writer.dir/src/main.c.obj
                0x10001614                app_debug_level
 .text.app_debug_log
                0x10001618       0x48 CMakeFiles/emmc_reader_writer.dir/src/main.c.obj
                0x10001618                app_debug_log
 .text.app_send_text
                0x10001660       0x2c CMakeFiles/emmc_reader_writer.dir/src/main.c.obj
                0x10001660                app_send_text
 .text.app_send_binary
                0x1000168c       0x70 CMakeFiles/emmc_reader_writer.dir/src/main.c.obj
                0x1000168c                app_send_binary
 .text.startup.main
                0x100016fc       0x78 CMakeFiles/emmc_reader_writer.dir/src/main.c.obj
                0x100016fc                main
 .text.tud_descriptor_device_cb
                0x10001774        0x8 CMakeFiles/emmc_reader_writer.dir/src/usb_descriptors.c.obj
                0x10001774                tud_descriptor_device_cb
 .text.tud_descriptor_configuration_cb
                0x1000177c        0x8 CMakeFiles/emmc_reader_writer.dir/src/usb_descriptors.c.obj
                0x1000177c                tud_descriptor_configuration_cb
 .text.tud_descriptor_string_cb
                0x10001784      0x108 CMakeFiles/emmc_reader_writer.dir/src/usb_descriptors.c.obj
                0x10001784                tud_descriptor_string_cb
 .text.emmc_update_timing
                0x1000188c       0x58 CMakeFiles/emmc_reader_writer.dir/src/proto_emmc.c.obj
 .text.send_config
                0x100018e4       0xb0 CMakeFiles/emmc_reader_writer.dir/src/proto_emmc.c.obj
 .text.json_extract_u32
                0x10001994       0x48 CMakeFiles/emmc_reader_writer.dir/src/proto_emmc.c.obj
 .text.status_led_timer_cb
                0x100019dc       0x44 CMakeFiles/emmc_reader_writer.dir/src/proto_emmc.c.obj
 .text.send_dump_status.isra.0
                0x10001a20       0xac CMakeFiles/emmc_reader_writer.dir/src/proto_emmc.c.obj
 .text.emmc_bus_prepare
                0x10001acc       0x74 CMakeFiles/emmc_reader_writer.dir/src/proto_emmc.c.obj
 .text.emmc_apply_safe_io
                0x10001b40       0x94 CMakeFiles/emmc_reader_writer.dir/src/proto_emmc.c.obj
 .text.emmc_send_idle_clocks
                0x10001bd4      0x130 CMakeFiles/emmc_reader_writer.dir/src/proto_emmc.c.obj
 .text.emmc_send_idle_clocks.constprop.1
                0x10001d04      0x128 CMakeFiles/emmc_reader_writer.dir/src/proto_emmc.c.obj
 .text.emmc_send_idle_clocks.constprop.2
                0x10001e2c      0x128 CMakeFiles/emmc_reader_writer.dir/src/proto_emmc.c.obj
 .text.emmc_send_idle_clocks.constprop.3
                0x10001f54      0x128 CMakeFiles/emmc_reader_writer.dir/src/proto_emmc.c.obj
 .text.emmc_read_data_block_512_sw
                0x1000207c      0x288 CMakeFiles/emmc_reader_writer.dir/src/proto_emmc.c.obj
 .text.emmc_send_cmd_raw.constprop.1
                0x10002304      0x524 CMakeFiles/emmc_reader_writer.dir/src/proto_emmc.c.obj
 .text.emmc_resync_transfer
                0x10002828       0xb4 CMakeFiles/emmc_reader_writer.dir/src/proto_emmc.c.obj
 .text.emmc_send_cmd_raw.constprop.0
                0x100028dc      0x430 CMakeFiles/emmc_reader_writer.dir/src/proto_emmc.c.obj
 .text.emmc_try_read_ids
                0x10002d0c      0xb68 CMakeFiles/emmc_reader_writer.dir/src/proto_emmc.c.obj
 .text.emmc_prepare_card_for_data.constprop.0
                0x10003874      0x120 CMakeFiles/emmc_reader_writer.dir/src/proto_emmc.c.obj
 .text.send_layout_result.isra.0
                0x10003994      0x368 CMakeFiles/emmc_reader_writer.dir/src/proto_emmc.c.obj
 .text.emmc_read_block
                0x10003cfc      0xcd0 CMakeFiles/emmc_reader_writer.dir/src/proto_emmc.c.obj
                0x10003cfc                emmc_read_block
 .text.emmc_read_block_checked
                0x100049cc      0x14c CMakeFiles/emmc_reader_writer.dir/src/proto_emmc.c.obj
                0x100049cc                emmc_read_block_checked
 .text.proto_emmc_init
                0x10004b18       0xe8 CMakeFiles/emmc_reader_writer.dir/src/proto_emmc.c.obj
                0x10004b18                proto_emmc_init
 .text.proto_emmc_stop_all
                0x10004c00       0xa8 CMakeFiles/emmc_reader_writer.dir/src/proto_emmc.c.obj
                0x10004c00                proto_emmc_stop_all
 .text.proto_emmc_handle_text
                0x10004ca8     0x1df4 CMakeFiles/emmc_reader_writer.dir/src/proto_emmc.c.obj
                0x10004ca8                proto_emmc_handle_text
 .text.proto_emmc_poll
                0x10006a9c     0x1130 CMakeFiles/emmc_reader_writer.dir/src/proto_emmc.c.obj
                0x10006a9c                proto_emmc_poll
 .text.gpio_set_function
                0x10007bcc       0x30 CMakeFiles/emmc_reader_writer.dir/C_/pico-sdk-master/src/rp2_common/hardware_gpio/gpio.c.obj
                0x10007bcc                gpio_set_function
 .text.gpio_set_pulls
                0x10007bfc       0x24 CMakeFiles/emmc_reader_writer.dir/C_/pico-sdk-master/src/rp2_common/hardware_gpio/gpio.c.obj
                0x10007bfc                gpio_set_pulls
 .text.gpio_init
                0x10007c20       0x3c CMakeFiles/emmc_reader_writer.dir/C_/pico-sdk-master/src/rp2_common/hardware_gpio/gpio.c.obj
                0x10007c20                gpio_init
 .text.rp2040_chip_version
                0x10007c5c        0xc CMakeFiles/emmc_reader_writer.dir/C_/pico-sdk-master/src/rp2040/pico_platform/platform.c.obj
                0x10007c5c                rp2040_chip_version
 .text.panic    0x10007c68       0x30 CMakeFiles/emmc_reader_writer.dir/C_/pico-sdk-master/src/rp2_common/pico_platform_panic/panic.c.obj
                0x10007c68                panic
 .text.hw_claim_lock
                0x10007c98       0x18 CMakeFiles/emmc_reader_writer.dir/C_/pico-sdk-master/src/common/hardware_claim/claim.c.obj
                0x10007c98                hw_claim_lock
 .text.hw_claim_unlock
                0x10007cb0       0x14 CMakeFiles/emmc_reader_writer.dir/C_/pico-sdk-master/src/common/hardware_claim/claim.c.obj
                0x10007cb0                hw_claim_unlock
 .text.hw_claim_or_assert
                0x10007cc4       0x50 CMakeFiles/emmc_reader_writer.dir/C_/pico-sdk-master/src/common/hardware_claim/claim.c.obj
                0x10007cc4                hw_claim_or_assert
 .text.hw_claim_unused_from_range
                0x10007d14       0x88 CMakeFiles/emmc_reader_writer.dir/C_/pico-sdk-master/src/common/hardware_claim/claim.c.obj
                0x10007d14                hw_claim_unused_from_range
 .text.next_striped_spin_lock_num
                0x10007d9c       0x18 CMakeFiles/emmc_reader_writer.dir/C_/pico-sdk-master/src/rp2_common/hardware_sync/sync.c.obj
                0x10007d9c                next_striped_spin_lock_num
 .text.spin_lock_claim_unused
                0x10007db4       0x20 CMakeFiles/emmc_reader_writer.dir/C_/pico-sdk-master/src/rp2_common/hardware_sync/sync.c.obj
                0x10007db4                spin_lock_claim_unused
 .text.spin_locks_reset
                0x10007dd4       0x1c CMakeFiles/emmc_reader_writer.dir/C_/pico-sdk-master/src/rp2_common/hardware_sync_spin_lock/sync_spin_lock.c.obj
                0x10007dd4                spin_locks_reset
 .text.runtime_init_per_core_irq_priorities
                0x10007df0       0x48 CMakeFiles/emmc_reader_writer.dir/C_/pico-sdk-master/src/rp2_common/hardware_irq/irq.c.obj
                0x10007df0                runtime_init_per_core_irq_priorities
 .text.irq_set_enabled
                0x10007e38       0x24 CMakeFiles/emmc_reader_writer.dir/C_/pico-sdk-master/src/rp2_common/hardware_irq/irq.c.obj
                0x10007e38                irq_set_enabled
 .text.irq_set_exclusive_handler
                0x10007e5c       0x54 CMakeFiles/emmc_reader_writer.dir/C_/pico-sdk-master/src/rp2_common/hardware_irq/irq.c.obj
                0x10007e5c                irq_set_exclusive_handler
 .text.irq_add_shared_handler
                0x10007eb0      0x1b8 CMakeFiles/emmc_reader_writer.dir/C_/pico-sdk-master/src/rp2_common/hardware_irq/irq.c.obj
                0x10007eb0                irq_add_shared_handler
 .text.irq_add_tail_to_free_list
                0x10008068       0xcc CMakeFiles/emmc_reader_writer.dir/C_/pico-sdk-master/src/rp2_common/hardware_irq/irq.c.obj
                0x10008068                irq_add_tail_to_free_list
 .text.lock_init
                0x10008134       0x10 CMakeFiles/emmc_reader_writer.dir/C_/pico-sdk-master/src/common/pico_sync/lock_core.c.obj
                0x10008134                lock_init
 .text.runtime_init_mutex
                0x10008144       0x50 CMakeFiles/emmc_reader_writer.dir/C_/pico-sdk-master/src/common/pico_sync/mutex.c.obj
                0x10008144                runtime_init_mutex
 .text.mutex_init
                0x10008194       0x1c CMakeFiles/emmc_reader_writer.dir/C_/pico-sdk-master/src/common/pico_sync/mutex.c.obj
                0x10008194                mutex_init
 .text.critical_section_init
                0x100081b0       0x1c CMakeFiles/emmc_reader_writer.dir/C_/pico-sdk-master/src/common/pico_sync/critical_section.c.obj
                0x100081b0                critical_section_init
 .text.sleep_until_callback
                0x100081cc        0x8 CMakeFiles/emmc_reader_writer.dir/C_/pico-sdk-master/src/common/pico_time/time.c.obj
 .text.alarm_pool_irq_handler
                0x100081d4      0x328 CMakeFiles/emmc_reader_writer.dir/C_/pico-sdk-master/src/common/pico_time/time.c.obj
 .text.runtime_init_default_alarm_pool
                0x100084fc       0xcc CMakeFiles/emmc_reader_writer.dir/C_/pico-sdk-master/src/common/pico_time/time.c.obj
                0x100084fc                runtime_init_default_alarm_pool
 .text.alarm_pool_get_default
                0x100085c8        0x8 CMakeFiles/emmc_reader_writer.dir/C_/pico-sdk-master/src/common/pico_time/time.c.obj
                0x100085c8                alarm_pool_get_default
 .text.alarm_pool_add_alarm_at_force_in_context
                0x100085d0       0xbc CMakeFiles/emmc_reader_writer.dir/C_/pico-sdk-master/src/common/pico_time/time.c.obj
                0x100085d0                alarm_pool_add_alarm_at_force_in_context
 .text.alarm_pool_cancel_alarm
                0x1000868c       0x74 CMakeFiles/emmc_reader_writer.dir/C_/pico-sdk-master/src/common/pico_time/time.c.obj
                0x1000868c                alarm_pool_cancel_alarm
 .text.alarm_pool_core_num
                0x10008700        0x4 CMakeFiles/emmc_reader_writer.dir/C_/pico-sdk-master/src/common/pico_time/time.c.obj
                0x10008700                alarm_pool_core_num
 .text.sleep_us
                0x10008704       0xb8 CMakeFiles/emmc_reader_writer.dir/C_/pico-sdk-master/src/common/pico_time/time.c.obj
                0x10008704                sleep_us
 .text.sleep_ms
                0x100087bc       0xc8 CMakeFiles/emmc_reader_writer.dir/C_/pico-sdk-master/src/common/pico_time/time.c.obj
                0x100087bc                sleep_ms
 .text.best_effort_wfe_or_timeout
                0x10008884      0x120 CMakeFiles/emmc_reader_writer.dir/C_/pico-sdk-master/src/common/pico_time/time.c.obj
                0x10008884                best_effort_wfe_or_timeout
 .text.alarm_pool_add_repeating_timer_us
                0x100089a4      0x120 CMakeFiles/emmc_reader_writer.dir/C_/pico-sdk-master/src/common/pico_time/time.c.obj
                0x100089a4                alarm_pool_add_repeating_timer_us
 .text.timer_hardware_alarm_claim
                0x10008ac4       0x14 CMakeFiles/emmc_reader_writer.dir/C_/pico-sdk-master/src/rp2_common/hardware_timer/timer.c.obj
                0x10008ac4                timer_hardware_alarm_claim
 .text.timer_time_us_64
                0x10008ad8       0x10 CMakeFiles/emmc_reader_writer.dir/C_/pico-sdk-master/src/rp2_common/hardware_timer/timer.c.obj
                0x10008ad8                timer_time_us_64
 .text.time_us_64
                0x10008ae8       0x14 CMakeFiles/emmc_reader_writer.dir/C_/pico-sdk-master/src/rp2_common/hardware_timer/timer.c.obj
                0x10008ae8                time_us_64
 .text.busy_wait_until
                0x10008afc       0x20 CMakeFiles/emmc_reader_writer.dir/C_/pico-sdk-master/src/rp2_common/hardware_timer/timer.c.obj
                0x10008afc                busy_wait_until
 .text.clock_configure_int_divider
                0x10008b1c       0xec CMakeFiles/emmc_reader_writer.dir/C_/pico-sdk-master/src/rp2_common/hardware_clocks/clocks.c.obj
                0x10008b1c                clock_configure_int_divider
 .text.clock_configure_undivided
                0x10008c08       0xe0 CMakeFiles/emmc_reader_writer.dir/C_/pico-sdk-master/src/rp2_common/hardware_clocks/clocks.c.obj
                0x10008c08                clock_configure_undivided
 .text.clock_get_hz
                0x10008ce8        0xc CMakeFiles/emmc_reader_writer.dir/C_/pico-sdk-master/src/rp2_common/hardware_clocks/clocks.c.obj
                0x10008ce8                clock_get_hz
 .text.pll_init
                0x10008cf4       0xb0 CMakeFiles/emmc_reader_writer.dir/C_/pico-sdk-master/src/rp2_common/hardware_pll/pll.c.obj
                0x10008cf4                pll_init
 .text.tick_start
                0x10008da4       0x10 CMakeFiles/emmc_reader_writer.dir/C_/pico-sdk-master/src/rp2_common/hardware_ticks/ticks.c.obj
                0x10008da4                tick_start
 .text.rom_func_lookup
                0x10008db4       0x10 CMakeFiles/emmc_reader_writer.dir/C_/pico-sdk-master/src/rp2_common/pico_bootrom/bootrom.c.obj
                0x10008db4                rom_func_lookup
 .text.rom_data_lookup
                0x10008dc4       0x10 CMakeFiles/emmc_reader_writer.dir/C_/pico-sdk-master/src/rp2_common/pico_bootrom/bootrom.c.obj
                0x10008dc4                rom_data_lookup
 .text.rom_funcs_lookup
                0x10008dd4       0x44 CMakeFiles/emmc_reader_writer.dir/C_/pico-sdk-master/src/rp2_common/pico_bootrom/bootrom.c.obj
                0x10008dd4                rom_funcs_lookup
 .text.xosc_init
                0x10008e18       0x28 CMakeFiles/emmc_reader_writer.dir/C_/pico-sdk-master/src/rp2_common/hardware_xosc/xosc.c.obj
                0x10008e18                xosc_init
 .text.first_per_core_initializer
                0x10008e40        0x4 CMakeFiles/emmc_reader_writer.dir/C_/pico-sdk-master/src/rp2_common/pico_runtime/runtime.c.obj
 .text.hard_assertion_failure
                0x10008e44        0xc CMakeFiles/emmc_reader_writer.dir/C_/pico-sdk-master/src/rp2_common/pico_runtime/runtime.c.obj
                0x10008e44                hard_assertion_failure
 .text.runtime_run_initializers
                0x10008e50       0x28 CMakeFiles/emmc_reader_writer.dir/C_/pico-sdk-master/src/rp2_common/pico_runtime/runtime.c.obj
                0x10008e50                runtime_run_initializers
 .text.runtime_init_early_resets
                0x10008e78       0x2c CMakeFiles/emmc_reader_writer.dir/C_/pico-sdk-master/src/rp2_common/pico_runtime_init/runtime_init.c.obj
                0x10008e78                runtime_init_early_resets
 .text.runtime_init_usb_power_down
                0x10008ea4       0x1c CMakeFiles/emmc_reader_writer.dir/C_/pico-sdk-master/src/rp2_common/pico_runtime_init/runtime_init.c.obj
                0x10008ea4                runtime_init_usb_power_down
 .text.runtime_init_post_clock_resets
                0x10008ec0       0x20 CMakeFiles/emmc_reader_writer.dir/C_/pico-sdk-master/src/rp2_common/pico_runtime_init/runtime_init.c.obj
                0x10008ec0                runtime_init_post_clock_resets
 .text.runtime_init_rp2040_gpio_ie_disable
                0x10008ee0       0x14 CMakeFiles/emmc_reader_writer.dir/C_/pico-sdk-master/src/rp2_common/pico_runtime_init/runtime_init.c.obj
                0x10008ee0                runtime_init_rp2040_gpio_ie_disable
 .text.runtime_init_spin_locks_reset
                0x10008ef4        0x8 CMakeFiles/emmc_reader_writer.dir/C_/pico-sdk-master/src/rp2_common/pico_runtime_init/runtime_init.c.obj
                0x10008ef4                runtime_init_spin_locks_reset
 .text.runtime_init_install_ram_vector_table
                0x10008efc       0xb4 CMakeFiles/emmc_reader_writer.dir/C_/pico-sdk-master/src/rp2_common/pico_runtime_init/runtime_init.c.obj
                0x10008efc                runtime_init_install_ram_vector_table
 .text.runtime_init_clocks
                0x10008fb0       0xd8 CMakeFiles/emmc_reader_writer.dir/C_/pico-sdk-master/src/rp2_common/pico_runtime_init/runtime_init_clocks.c.obj
                0x10008fb0                runtime_init_clocks
 .text          0x10009088       0x10 CMakeFiles/emmc_reader_writer.dir/C_/pico-sdk-master/src/rp2_common/pico_bit_ops/bit_ops_aeabi.S.obj
 .text.ctzsi    0x10009098        0xc CMakeFiles/emmc_reader_writer.dir/C_/pico-sdk-master/src/rp2_common/pico_bit_ops/bit_ops_aeabi.S.obj
                0x10009098                __wrap___ctzsi2
 .text.__wrap___aeabi_idiv
                0x100090a4       0x50 CMakeFiles/emmc_reader_writer.dir/C_/pico-sdk-master/src/rp2_common/pico_divider/divider_hardware.S.obj
                0x100090a4                __wrap___aeabi_idivmod
                0x100090a4                divmod_s32s32
                0x100090a4                div_s32s32
                0x100090a4                __wrap___aeabi_idiv
                0x100090d8                divmod_s32s32_savestate
 .text.__wrap___aeabi_uidiv
                0x100090f4       0x4c CMakeFiles/emmc_reader_writer.dir/C_/pico-sdk-master/src/rp2_common/pico_divider/divider_hardware.S.obj
                0x100090f4                __wrap___aeabi_uidivmod
                0x100090f4                div_u32u32
                0x100090f4                divmod_u32u32
                0x100090f4                __wrap___aeabi_uidiv
                0x10009124                divmod_u32u32_savestate
 .text.__wrap___aeabi_ldiv
                0x10009140      0x424 CMakeFiles/emmc_reader_writer.dir/C_/pico-sdk-master/src/rp2_common/pico_divider/divider_hardware.S.obj
                0x10009140                div_s64s64
                0x10009140                divmod_s64s64
                0x10009140                __wrap___aeabi_ldivmod
                0x10009170                divmod_u64u64
                0x10009170                div_u64u64
                0x10009170                __wrap___aeabi_uldivmod
                0x10009180                divmod_u64u64_savestate
                0x100091a0                divmod_s64s64_unsafe
                0x10009228                divmod_u64u64_unsafe
 .text.__wrap___aeabi_darithmetic
                0x10009564       0x80 CMakeFiles/emmc_reader_writer.dir/C_/pico-sdk-master/src/rp2_common/pico_double/double_aeabi_rp2040.S.obj
                0x10009564                __wrap___aeabi_drsub
                0x1000956a                __wrap___aeabi_dsub
                0x1000957c                __wrap___aeabi_dadd
                0x1000958e                __wrap___aeabi_ddiv
                0x100095ca                __wrap___aeabi_dmul
 .text.__wrap___aeabi_cdcmple
                0x100095e4       0x6c CMakeFiles/emmc_reader_writer.dir/C_/pico-sdk-master/src/rp2_common/pico_double/double_aeabi_rp2040.S.obj
                0x100095e4                __wrap___aeabi_cdrcmple
                0x100095f4                __wrap___aeabi_cdcmpeq
                0x100095f4                __wrap___aeabi_cdcmple
 .text.__wrap___aeabi_dcmpeq
                0x10009650       0x10 CMakeFiles/emmc_reader_writer.dir/C_/pico-sdk-master/src/rp2_common/pico_double/double_aeabi_rp2040.S.obj
                0x10009650                __wrap___aeabi_dcmpeq
 .text.__wrap___aeabi_dcmplt
                0x10009660        0xc CMakeFiles/emmc_reader_writer.dir/C_/pico-sdk-master/src/rp2_common/pico_double/double_aeabi_rp2040.S.obj
                0x10009660                __wrap___aeabi_dcmplt
 .text.__wrap___aeabi_dcmple
                0x1000966c       0x10 CMakeFiles/emmc_reader_writer.dir/C_/pico-sdk-master/src/rp2_common/pico_double/double_aeabi_rp2040.S.obj
                0x1000966c                __wrap___aeabi_dcmple
 .text.__wrap___aeabi_dcmpge
                0x1000967c       0x10 CMakeFiles/emmc_reader_writer.dir/C_/pico-sdk-master/src/rp2_common/pico_double/double_aeabi_rp2040.S.obj
                0x1000967c                __wrap___aeabi_dcmpge
 .text.__wrap___aeabi_dcmpgt
                0x1000968c        0xa CMakeFiles/emmc_reader_writer.dir/C_/pico-sdk-master/src/rp2_common/pico_double/double_aeabi_rp2040.S.obj
                0x1000968c                __wrap___aeabi_dcmpgt
 .text.__wrap___aeabi_dcmpun
                0x10009696       0x18 CMakeFiles/emmc_reader_writer.dir/C_/pico-sdk-master/src/rp2_common/pico_double/double_aeabi_rp2040.S.obj
                0x10009696                __wrap___aeabi_dcmpun
 *fill*         0x100096ae        0x2 
 .text.__wrap___aeabi_i2d
                0x100096b0       0x38 CMakeFiles/emmc_reader_writer.dir/C_/pico-sdk-master/src/rp2_common/pico_double/double_aeabi_rp2040.S.obj
                0x100096b0                uint2double
                0x100096b0                __wrap___aeabi_ui2d
                0x100096b8                int2double
                0x100096b8                __wrap___aeabi_i2d
 .text.__wrap___aeabi_d2iz
                0x100096e8       0x48 CMakeFiles/emmc_reader_writer.dir/C_/pico-sdk-master/src/rp2_common/pico_double/double_aeabi_rp2040.S.obj
                0x100096e8                double2int_z
                0x100096e8                __wrap___aeabi_d2iz
 .text.__wrap___aeabi_d2uiz
                0x10009730       0x18 CMakeFiles/emmc_reader_writer.dir/C_/pico-sdk-master/src/rp2_common/pico_double/double_aeabi_rp2040.S.obj
                0x10009730                double2uint
                0x10009730                __wrap___aeabi_d2uiz
                0x10009730                double2uint_z
 .text.__wrap___aeabi_l2d
                0x10009748       0x18 CMakeFiles/emmc_reader_writer.dir/C_/pico-sdk-master/src/rp2_common/pico_double/double_aeabi_rp2040.S.obj
                0x10009748                int642double
                0x10009748                __wrap___aeabi_l2d
 .text.__wrap___aeabi_d2lz
                0x10009760       0x26 CMakeFiles/emmc_reader_writer.dir/C_/pico-sdk-master/src/rp2_common/pico_double/double_aeabi_rp2040.S.obj
                0x10009760                double2int64_z
                0x10009760                __wrap___aeabi_d2lz
 *fill*         0x10009786        0x2 
 .text.double2int64
                0x10009788       0x18 CMakeFiles/emmc_reader_writer.dir/C_/pico-sdk-master/src/rp2_common/pico_double/double_aeabi_rp2040.S.obj
                0x10009788                double2int64
 .text.double2ufix64
                0x100097a0       0x18 CMakeFiles/emmc_reader_writer.dir/C_/pico-sdk-master/src/rp2_common/pico_double/double_aeabi_rp2040.S.obj
                0x100097a0                double2ufix64_z
                0x100097a0                double2ufix64
 .text.__wrap___aeabi_d2f
                0x100097b8       0x18 CMakeFiles/emmc_reader_writer.dir/C_/pico-sdk-master/src/rp2_common/pico_double/double_aeabi_rp2040.S.obj
                0x100097b8                __wrap___aeabi_d2f
 .text.__aeabi_double_init
                0x100097d0       0xa4 CMakeFiles/emmc_reader_writer.dir/C_/pico-sdk-master/src/rp2_common/pico_double/double_init_rom_rp2040.c.obj
                0x100097d0                __aeabi_double_init
 .text.double_table_shim_on_use_helper
                0x10009874       0x2c CMakeFiles/emmc_reader_writer.dir/C_/pico-sdk-master/src/rp2_common/pico_double/double_v1_rom_shim_rp2040.S.obj
                0x10009874                double_table_shim_on_use_helper
 .text.__wrap___aeabi_dsub
                0x100098a0       0x10 CMakeFiles/emmc_reader_writer.dir/C_/pico-sdk-master/src/rp2_common/pico_double/double_v1_rom_shim_rp2040.S.obj
                0x100098a0                drsub_shim
                0x100098a6                dsub_shim
 .text.dadd_shim
                0x100098b0      0x15c CMakeFiles/emmc_reader_writer.dir/C_/pico-sdk-master/src/rp2_common/pico_double/double_v1_rom_shim_rp2040.S.obj
                0x100098b0                dadd_shim
 .text.dmul_shim
                0x10009a0c      0x15c CMakeFiles/emmc_reader_writer.dir/C_/pico-sdk-master/src/rp2_common/pico_double/double_v1_rom_shim_rp2040.S.obj
                0x10009a0c                dmul_shim
 .text.ddiv_shim
                0x10009b68      0x1b0 CMakeFiles/emmc_reader_writer.dir/C_/pico-sdk-master/src/rp2_common/pico_double/double_v1_rom_shim_rp2040.S.obj
                0x10009b68                ddiv_shim
 .text.double2uint_shim
                0x10009d18        0xe CMakeFiles/emmc_reader_writer.dir/C_/pico-sdk-master/src/rp2_common/pico_double/double_v1_rom_shim_rp2040.S.obj
                0x10009d18                double2uint_shim
                0x10009d1a                double2ufix_shim
 .text.double2int64_shim
                0x10009d26       0x1a CMakeFiles/emmc_reader_writer.dir/C_/pico-sdk-master/src/rp2_common/pico_double/double_v1_rom_shim_rp2040.S.obj
                0x10009d26                double2int64_shim
                0x10009d28                double2fix64_shim
 .text.double2uint64_shim
                0x10009d40       0x70 CMakeFiles/emmc_reader_writer.dir/C_/pico-sdk-master/src/rp2_common/pico_double/double_v1_rom_shim_rp2040.S.obj
                0x10009d40                double2uint64_shim
                0x10009d42                double2ufix64_shim
                0x10009d62                d2fix_a
 .text.double2float_shim
                0x10009db0       0x5c CMakeFiles/emmc_reader_writer.dir/C_/pico-sdk-master/src/rp2_common/pico_double/double_v1_rom_shim_rp2040.S.obj
                0x10009db0                double2float_shim
 .text.x2double_shims
                0x10009e0c       0x90 CMakeFiles/emmc_reader_writer.dir/C_/pico-sdk-master/src/rp2_common/pico_double/double_v1_rom_shim_rp2040.S.obj
                0x10009e0c                uint2double_shim
                0x10009e0e                ufix2double_shim
                0x10009e14                int2double_shim
                0x10009e16                fix2double_shim
                0x10009e1c                uint642double_shim
                0x10009e1e                ufix642double_shim
                0x10009e24                int642double_shim
                0x10009e26                fix642double_shim
 .text.dunpacks
                0x10009e9c       0x3c CMakeFiles/emmc_reader_writer.dir/C_/pico-sdk-master/src/rp2_common/pico_double/double_v1_rom_shim_rp2040.S.obj
                0x10009e9c                dunpacks
 .text.__aeabi_lmul
                0x10009ed8       0x32 CMakeFiles/emmc_reader_writer.dir/C_/pico-sdk-master/src/rp2_common/pico_int64_ops/pico_int64_ops_aeabi.S.obj
                0x10009ed8                __wrap___aeabi_lmul
 *fill*         0x10009f0a        0x2 
 .text.__wrap___aeabi_farithmetic
                0x10009f0c       0x48 CMakeFiles/emmc_reader_writer.dir/C_/pico-sdk-master/src/rp2_common/pico_float/float_aeabi_rp2040.S.obj
                0x10009f0c                __wrap___aeabi_frsub
                0x10009f12                __wrap___aeabi_fsub
                0x10009f18                __wrap___aeabi_fadd
                0x10009f1e                __wrap___aeabi_fdiv
                0x10009f46                __wrap___aeabi_fmul
 .text.__wrap___aeabi_cfcmple
                0x10009f54       0x50 CMakeFiles/emmc_reader_writer.dir/C_/pico-sdk-master/src/rp2_common/pico_float/float_aeabi_rp2040.S.obj
                0x10009f54                __wrap___aeabi_cfrcmple
                0x10009f60                __wrap___aeabi_cfcmple
                0x10009f60                __wrap___aeabi_cfcmpeq
 .text.__wrap___aeabi_fcmplt
                0x10009fa4        0xc CMakeFiles/emmc_reader_writer.dir/C_/pico-sdk-master/src/rp2_common/pico_float/float_aeabi_rp2040.S.obj
                0x10009fa4                __wrap___aeabi_fcmplt
 .text.__wrap___aeabi_ui2f
                0x10009fb0        0xa CMakeFiles/emmc_reader_writer.dir/C_/pico-sdk-master/src/rp2_common/pico_float/float_aeabi_rp2040.S.obj
                0x10009fb0                __wrap___aeabi_ui2f
                0x10009fb0                uint2float
 *fill*         0x10009fba        0x2 
 .text.__wrap___aeabi_i2f
                0x10009fbc       0x44 CMakeFiles/emmc_reader_writer.dir/C_/pico-sdk-master/src/rp2_common/pico_float/float_aeabi_rp2040.S.obj
                0x10009fbc                __wrap___aeabi_i2f
                0x10009fbc                int2float
 .text.__wrap___aeabi_f2uiz
                0x1000a000        0xc CMakeFiles/emmc_reader_writer.dir/C_/pico-sdk-master/src/rp2_common/pico_float/float_aeabi_rp2040.S.obj
                0x1000a000                float2uint_z
                0x1000a000                __wrap___aeabi_f2uiz
                0x1000a000                float2uint
 .text.__aeabi_float_init
                0x1000a00c       0x68 CMakeFiles/emmc_reader_writer.dir/C_/pico-sdk-master/src/rp2_common/pico_float/float_init_rom_rp2040.c.obj
                0x1000a00c                __aeabi_float_init
 .text.float_table_shim_on_use_helper
                0x1000a074       0x2c CMakeFiles/emmc_reader_writer.dir/C_/pico-sdk-master/src/rp2_common/pico_float/float_v1_rom_shim_rp2040.S.obj
                0x1000a074                float_table_shim_on_use_helper
 .text.__wrap_malloc
                0x1000a0a0       0x24 CMakeFiles/emmc_reader_writer.dir/C_/pico-sdk-master/src/rp2_common/pico_malloc/malloc.c.obj
                0x1000a0a0                __wrap_malloc
 .text.__wrap_realloc
                0x1000a0c4       0x24 CMakeFiles/emmc_reader_writer.dir/C_/pico-sdk-master/src/rp2_common/pico_malloc/malloc.c.obj
                0x1000a0c4                __wrap_realloc
 .text.__wrap_free
                0x1000a0e8        0x8 CMakeFiles/emmc_reader_writer.dir/C_/pico-sdk-master/src/rp2_common/pico_malloc/malloc.c.obj
                0x1000a0e8                __wrap_free
 .text          0x1000a0f0       0x10 CMakeFiles/emmc_reader_writer.dir/C_/pico-sdk-master/src/rp2_common/pico_mem_ops/mem_ops_aeabi.S.obj
                0x1000a0f0                __aeabi_mem_init
 .text.memset   0x1000a100        0xc CMakeFiles/emmc_reader_writer.dir/C_/pico-sdk-master/src/rp2_common/pico_mem_ops/mem_ops_aeabi.S.obj
                0x1000a100                __wrap_memset
 .text.memcpy   0x1000a10c        0xc CMakeFiles/emmc_reader_writer.dir/C_/pico-sdk-master/src/rp2_common/pico_mem_ops/mem_ops_aeabi.S.obj
                0x1000a10c                __wrap_memcpy
                0x1000a10c                __wrap___aeabi_memcpy
 .text._out_buffer
                0x1000a118        0x8 CMakeFiles/emmc_reader_writer.dir/C_/pico-sdk-master/src/rp2_common/pico_printf/printf.c.obj
 .text._out_null
                0x1000a120        0x4 CMakeFiles/emmc_reader_writer.dir/C_/pico-sdk-master/src/rp2_common/pico_printf/printf.c.obj
 .text._out_rev
                0x1000a124       0xa8 CMakeFiles/emmc_reader_writer.dir/C_/pico-sdk-master/src/rp2_common/pico_printf/printf.c.obj
 .text._ntoa_format
                0x1000a1cc      0x1d8 CMakeFiles/emmc_reader_writer.dir/C_/pico-sdk-master/src/rp2_common/pico_printf/printf.c.obj
 .text._out_char
                0x1000a3a4       0x10 CMakeFiles/emmc_reader_writer.dir/C_/pico-sdk-master/src/rp2_common/pico_printf/printf.c.obj
 .text._ftoa    0x1000a3b4      0x474 CMakeFiles/emmc_reader_writer.dir/C_/pico-sdk-master/src/rp2_common/pico_printf/printf.c.obj
 .text._etoa    0x1000a828      0x560 CMakeFiles/emmc_reader_writer.dir/C_/pico-sdk-master/src/rp2_common/pico_printf/printf.c.obj
 .text._vsnprintf
                0x1000ad88      0xab8 CMakeFiles/emmc_reader_writer.dir/C_/pico-sdk-master/src/rp2_common/pico_printf/printf.c.obj
 .text.__wrap_sprintf
                0x1000b840       0x28 CMakeFiles/emmc_reader_writer.dir/C_/pico-sdk-master/src/rp2_common/pico_printf/printf.c.obj
                0x1000b840                __wrap_sprintf
 .text.__wrap_snprintf
                0x1000b868       0x28 CMakeFiles/emmc_reader_writer.dir/C_/pico-sdk-master/src/rp2_common/pico_printf/printf.c.obj
                0x1000b868                __wrap_snprintf
 .text.weak_raw_printf
                0x1000b890       0x40 CMakeFiles/emmc_reader_writer.dir/C_/pico-sdk-master/src/rp2_common/pico_printf/printf.c.obj
                0x1000b890                weak_raw_printf
 .text.weak_raw_vprintf
                0x1000b8d0       0x30 CMakeFiles/emmc_reader_writer.dir/C_/pico-sdk-master/src/rp2_common/pico_printf/printf.c.obj
                0x1000b8d0                weak_raw_vprintf
 .text._exit    0x1000b900        0x4 CMakeFiles/emmc_reader_writer.dir/C_/pico-sdk-master/src/rp2_common/pico_clib_interface/newlib_interface.c.obj
                0x1000b900                _exit
 .text._fini    0x1000b904        0x4 CMakeFiles/emmc_reader_writer.dir/C_/pico-sdk-master/src/rp2_common/pico_clib_interface/newlib_interface.c.obj
                0x1000b904                _fini
 .text._sbrk    0x1000b908       0x34 CMakeFiles/emmc_reader_writer.dir/C_/pico-sdk-master/src/rp2_common/pico_clib_interface/newlib_interface.c.obj
                0x1000b908                _sbrk
 .text.exit     0x1000b93c        0x8 CMakeFiles/emmc_reader_writer.dir/C_/pico-sdk-master/src/rp2_common/pico_clib_interface/newlib_interface.c.obj
                0x1000b93c                exit
 .text.__assert_func
                0x1000b944       0x38 CMakeFiles/emmc_reader_writer.dir/C_/pico-sdk-master/src/rp2_common/pico_clib_interface/newlib_interface.c.obj
                0x1000b944                __assert_func
 .text.runtime_init
                0x1000b97c       0x2c CMakeFiles/emmc_reader_writer.dir/C_/pico-sdk-master/src/rp2_common/pico_clib_interface/newlib_interface.c.obj
                0x1000b97c                runtime_init
 .text.stdio_out_chars_no_crlf
                0x1000b9a8       0x10 CMakeFiles/emmc_reader_writer.dir/C_/pico-sdk-master/src/rp2_common/pico_stdio/stdio.c.obj
 .text.stdio_out_chars_crlf
                0x1000b9b8       0x90 CMakeFiles/emmc_reader_writer.dir/C_/pico-sdk-master/src/rp2_common/pico_stdio/stdio.c.obj
 .text.stdio_put_string
                0x1000ba48       0xf4 CMakeFiles/emmc_reader_writer.dir/C_/pico-sdk-master/src/rp2_common/pico_stdio/stdio.c.obj
                0x1000ba48                stdio_put_string
 .text.stdio_set_driver_enabled
                0x1000bb3c       0x30 CMakeFiles/emmc_reader_writer.dir/C_/pico-sdk-master/src/rp2_common/pico_stdio/stdio.c.obj
                0x1000bb3c                stdio_set_driver_enabled
 .text.stdio_init_all
                0x1000bb6c        0x8 CMakeFiles/emmc_reader_writer.dir/C_/pico-sdk-master/src/rp2_common/pico_stdio/stdio.c.obj
                0x1000bb6c                stdio_init_all
 .text.__wrap_putchar
                0x1000bb74       0x94 CMakeFiles/emmc_reader_writer.dir/C_/pico-sdk-master/src/rp2_common/pico_stdio/stdio.c.obj
                0x1000bb74                __wrap_putchar
                0x1000bb74                stdio_putchar
 .text.__wrap_puts
                0x1000bc08       0x3c CMakeFiles/emmc_reader_writer.dir/C_/pico-sdk-master/src/rp2_common/pico_stdio/stdio.c.obj
                0x1000bc08                stdio_puts
                0x1000bc08                __wrap_puts
 .text.stdio_usb_set_chars_available_callback
                0x1000bc44       0x14 CMakeFiles/emmc_reader_writer.dir/C_/pico-sdk-master/src/rp2_common/pico_stdio_usb/stdio_usb.c.obj
                0x1000bc44                stdio_usb_set_chars_available_callback
 .text.stdio_usb_in_chars
                0x1000bc58       0x8c CMakeFiles/emmc_reader_writer.dir/C_/pico-sdk-master/src/rp2_common/pico_stdio_usb/stdio_usb.c.obj
                0x1000bc58                stdio_usb_in_chars
 .text.stdio_usb_out_flush
                0x1000bce4       0x4c CMakeFiles/emmc_reader_writer.dir/C_/pico-sdk-master/src/rp2_common/pico_stdio_usb/stdio_usb.c.obj
 .text.stdio_usb_out_chars
                0x1000bd30       0xf8 CMakeFiles/emmc_reader_writer.dir/C_/pico-sdk-master/src/rp2_common/pico_stdio_usb/stdio_usb.c.obj
 .text.stdio_usb_init
                0x1000be28       0x44 CMakeFiles/emmc_reader_writer.dir/C_/pico-sdk-master/src/rp2_common/pico_stdio_usb/stdio_usb.c.obj
                0x1000be28                stdio_usb_init
 .text.startup._retrieve_unique_id_on_boot
                0x1000be6c       0x10 CMakeFiles/emmc_reader_writer.dir/C_/pico-sdk-master/src/rp2_common/pico_unique_id/unique_id.c.obj
 .text.pico_get_unique_board_id
                0x1000be7c       0x10 CMakeFiles/emmc_reader_writer.dir/C_/pico-sdk-master/src/rp2_common/pico_unique_id/unique_id.c.obj
                0x1000be7c                pico_get_unique_board_id
 .text.flash_get_unique_id
                0x1000be8c       0x3c CMakeFiles/emmc_reader_writer.dir/C_/pico-sdk-master/src/rp2_common/hardware_flash/flash.c.obj
                0x1000be8c                flash_get_unique_id
 .text.dcd_init
                0x1000bec8       0x7c CMakeFiles/emmc_reader_writer.dir/C_/pico-sdk-master/lib/tinyusb/src/portable/raspberrypi/rp2040/dcd_rp2040.c.obj
                0x1000bec8                dcd_init
 .text.dcd_int_enable
                0x1000bf44        0xc CMakeFiles/emmc_reader_writer.dir/C_/pico-sdk-master/lib/tinyusb/src/portable/raspberrypi/rp2040/dcd_rp2040.c.obj
                0x1000bf44                dcd_int_enable
 .text.dcd_set_address
                0x1000bf50       0x20 CMakeFiles/emmc_reader_writer.dir/C_/pico-sdk-master/lib/tinyusb/src/portable/raspberrypi/rp2040/dcd_rp2040.c.obj
                0x1000bf50                dcd_set_address
 .text.dcd_sof_enable
                0x1000bf70       0x1c CMakeFiles/emmc_reader_writer.dir/C_/pico-sdk-master/lib/tinyusb/src/portable/raspberrypi/rp2040/dcd_rp2040.c.obj
                0x1000bf70                dcd_sof_enable
 .text.dcd_edpt0_status_complete
                0x1000bf8c       0x1c CMakeFiles/emmc_reader_writer.dir/C_/pico-sdk-master/lib/tinyusb/src/portable/raspberrypi/rp2040/dcd_rp2040.c.obj
                0x1000bf8c                dcd_edpt0_status_complete
 .text.dcd_edpt_open
                0x1000bfa8      0x118 CMakeFiles/emmc_reader_writer.dir/C_/pico-sdk-master/lib/tinyusb/src/portable/raspberrypi/rp2040/dcd_rp2040.c.obj
                0x1000bfa8                dcd_edpt_open
 .text.dcd_edpt_close_all
                0x1000c0c0        0x8 CMakeFiles/emmc_reader_writer.dir/C_/pico-sdk-master/lib/tinyusb/src/portable/raspberrypi/rp2040/dcd_rp2040.c.obj
                0x1000c0c0                dcd_edpt_close_all
 .text.dcd_edpt_xfer
                0x1000c0c8       0x74 CMakeFiles/emmc_reader_writer.dir/C_/pico-sdk-master/lib/tinyusb/src/portable/raspberrypi/rp2040/dcd_rp2040.c.obj
                0x1000c0c8                dcd_edpt_xfer
 .text.dcd_edpt_stall
                0x1000c13c       0xc4 CMakeFiles/emmc_reader_writer.dir/C_/pico-sdk-master/lib/tinyusb/src/portable/raspberrypi/rp2040/dcd_rp2040.c.obj
                0x1000c13c                dcd_edpt_stall
 .text.dcd_edpt_clear_stall
                0x1000c200      0x174 CMakeFiles/emmc_reader_writer.dir/C_/pico-sdk-master/lib/tinyusb/src/portable/raspberrypi/rp2040/dcd_rp2040.c.obj
                0x1000c200                dcd_edpt_clear_stall
 .text.rp2usb_init
                0x1000c374       0x58 CMakeFiles/emmc_reader_writer.dir/C_/pico-sdk-master/lib/tinyusb/src/portable/raspberrypi/rp2040/rp2040_usb.c.obj
                0x1000c374                rp2usb_init
 .text.rp2usb_xfer_start
                0x1000c3cc       0xdc CMakeFiles/emmc_reader_writer.dir/C_/pico-sdk-master/lib/tinyusb/src/portable/raspberrypi/rp2040/rp2040_usb.c.obj
                0x1000c3cc                rp2usb_xfer_start
 .text.tud_vendor_control_xfer_cb
                0x1000c4a8        0x4 CMakeFiles/emmc_reader_writer.dir/C_/pico-sdk-master/lib/tinyusb/src/device/usbd.c.obj
                0x1000c4a8                tud_vendor_control_xfer_cb
 .text.tud_event_hook_cb
                0x1000c4ac        0x4 CMakeFiles/emmc_reader_writer.dir/C_/pico-sdk-master/lib/tinyusb/src/device/usbd.c.obj
                0x1000c4ac                tud_event_hook_cb
 .text.tud_sof_cb
                0x1000c4b0        0x4 CMakeFiles/emmc_reader_writer.dir/C_/pico-sdk-master/lib/tinyusb/src/device/usbd.c.obj
                0x1000c4b0                tud_sof_cb
 .text.tud_descriptor_bos_cb
                0x1000c4b4        0x4 CMakeFiles/emmc_reader_writer.dir/C_/pico-sdk-master/lib/tinyusb/src/device/usbd.c.obj
                0x1000c4b4                tud_descriptor_bos_cb
 .text.tud_descriptor_device_qualifier_cb
                0x1000c4b8        0x4 CMakeFiles/emmc_reader_writer.dir/C_/pico-sdk-master/lib/tinyusb/src/device/usbd.c.obj
                0x1000c4b8                tud_descriptor_device_qualifier_cb
 .text.tud_descriptor_other_speed_configuration_cb
                0x1000c4bc        0x4 CMakeFiles/emmc_reader_writer.dir/C_/pico-sdk-master/lib/tinyusb/src/device/usbd.c.obj
                0x1000c4bc                tud_descriptor_other_speed_configuration_cb
 .text.tud_mount_cb
                0x1000c4c0        0x4 CMakeFiles/emmc_reader_writer.dir/C_/pico-sdk-master/lib/tinyusb/src/device/usbd.c.obj
                0x1000c4c0                tud_mount_cb
 .text.tud_umount_cb
                0x1000c4c4        0x4 CMakeFiles/emmc_reader_writer.dir/C_/pico-sdk-master/lib/tinyusb/src/device/usbd.c.obj
                0x1000c4c4                tud_umount_cb
 .text.tud_suspend_cb
                0x1000c4c8        0x4 CMakeFiles/emmc_reader_writer.dir/C_/pico-sdk-master/lib/tinyusb/src/device/usbd.c.obj
                0x1000c4c8                tud_suspend_cb
 .text.tud_resume_cb
                0x1000c4cc        0x4 CMakeFiles/emmc_reader_writer.dir/C_/pico-sdk-master/lib/tinyusb/src/device/usbd.c.obj
                0x1000c4cc                tud_resume_cb
 .text.usbd_app_driver_get_cb
                0x1000c4d0        0x8 CMakeFiles/emmc_reader_writer.dir/C_/pico-sdk-master/lib/tinyusb/src/device/usbd.c.obj
                0x1000c4d0                usbd_app_driver_get_cb
 .text.tud_mounted
                0x1000c4d8       0x10 CMakeFiles/emmc_reader_writer.dir/C_/pico-sdk-master/lib/tinyusb/src/device/usbd.c.obj
                0x1000c4d8                tud_mounted
 .text.tud_suspended
                0x1000c4e8       0x10 CMakeFiles/emmc_reader_writer.dir/C_/pico-sdk-master/lib/tinyusb/src/device/usbd.c.obj
                0x1000c4e8                tud_suspended
 .text.tud_rhport_init
                0x1000c4f8       0xf4 CMakeFiles/emmc_reader_writer.dir/C_/pico-sdk-master/lib/tinyusb/src/device/usbd.c.obj
                0x1000c4f8                tud_rhport_init
 .text.tud_control_status
                0x1000c5ec       0x60 CMakeFiles/emmc_reader_writer.dir/C_/pico-sdk-master/lib/tinyusb/src/device/usbd.c.obj
                0x1000c5ec                tud_control_status
 .text.tud_control_xfer
                0x1000c64c      0x100 CMakeFiles/emmc_reader_writer.dir/C_/pico-sdk-master/lib/tinyusb/src/device/usbd.c.obj
                0x1000c64c                tud_control_xfer
 .text.tud_task_ext
                0x1000c74c      0x978 CMakeFiles/emmc_reader_writer.dir/C_/pico-sdk-master/lib/tinyusb/src/device/usbd.c.obj
                0x1000c74c                tud_task_ext
 .text.usbd_edpt_open
                0x1000d0c4       0x20 CMakeFiles/emmc_reader_writer.dir/C_/pico-sdk-master/lib/tinyusb/src/device/usbd.c.obj
                0x1000d0c4                usbd_edpt_open
 .text.usbd_edpt_claim
                0x1000d0e4       0x28 CMakeFiles/emmc_reader_writer.dir/C_/pico-sdk-master/lib/tinyusb/src/device/usbd.c.obj
                0x1000d0e4                usbd_edpt_claim
 .text.usbd_edpt_release
                0x1000d10c       0x28 CMakeFiles/emmc_reader_writer.dir/C_/pico-sdk-master/lib/tinyusb/src/device/usbd.c.obj
                0x1000d10c                usbd_edpt_release
 .text.usbd_edpt_xfer
                0x1000d134       0x50 CMakeFiles/emmc_reader_writer.dir/C_/pico-sdk-master/lib/tinyusb/src/device/usbd.c.obj
                0x1000d134                usbd_edpt_xfer
 .text.usbd_edpt_xfer_fifo
                0x1000d184        0x4 CMakeFiles/emmc_reader_writer.dir/C_/pico-sdk-master/lib/tinyusb/src/device/usbd.c.obj
                0x1000d184                usbd_edpt_xfer_fifo
 .text.tud_cdc_rx_cb
                0x1000d188        0x4 CMakeFiles/emmc_reader_writer.dir/C_/pico-sdk-master/lib/tinyusb/src/class/cdc/cdc_device.c.obj
                0x1000d188                tud_cdc_rx_cb
 .text.tud_cdc_rx_wanted_cb
                0x1000d18c        0x4 CMakeFiles/emmc_reader_writer.dir/C_/pico-sdk-master/lib/tinyusb/src/class/cdc/cdc_device.c.obj
                0x1000d18c                tud_cdc_rx_wanted_cb
 .text.tud_cdc_tx_complete_cb
                0x1000d190        0x4 CMakeFiles/emmc_reader_writer.dir/C_/pico-sdk-master/lib/tinyusb/src/class/cdc/cdc_device.c.obj
                0x1000d190                tud_cdc_tx_complete_cb
 .text.tud_cdc_notify_complete_cb
                0x1000d194        0x4 CMakeFiles/emmc_reader_writer.dir/C_/pico-sdk-master/lib/tinyusb/src/class/cdc/cdc_device.c.obj
                0x1000d194                tud_cdc_notify_complete_cb
 .text.tud_cdc_line_state_cb
                0x1000d198        0x4 CMakeFiles/emmc_reader_writer.dir/C_/pico-sdk-master/lib/tinyusb/src/class/cdc/cdc_device.c.obj
                0x1000d198                tud_cdc_line_state_cb
 .text.tud_cdc_line_coding_cb
                0x1000d19c        0x4 CMakeFiles/emmc_reader_writer.dir/C_/pico-sdk-master/lib/tinyusb/src/class/cdc/cdc_device.c.obj
                0x1000d19c                tud_cdc_line_coding_cb
 .text.tud_cdc_send_break_cb
                0x1000d1a0        0x4 CMakeFiles/emmc_reader_writer.dir/C_/pico-sdk-master/lib/tinyusb/src/class/cdc/cdc_device.c.obj
                0x1000d1a0                tud_cdc_send_break_cb
 .text.tud_cdc_n_connected
                0x1000d1a4       0x2c CMakeFiles/emmc_reader_writer.dir/C_/pico-sdk-master/lib/tinyusb/src/class/cdc/cdc_device.c.obj
                0x1000d1a4                tud_cdc_n_connected
 .text.tud_cdc_n_available
                0x1000d1d0       0x40 CMakeFiles/emmc_reader_writer.dir/C_/pico-sdk-master/lib/tinyusb/src/class/cdc/cdc_device.c.obj
                0x1000d1d0                tud_cdc_n_available
 .text.tud_cdc_n_read
                0x1000d210       0x18 CMakeFiles/emmc_reader_writer.dir/C_/pico-sdk-master/lib/tinyusb/src/class/cdc/cdc_device.c.obj
                0x1000d210                tud_cdc_n_read
 .text.tud_cdc_n_write
                0x1000d228       0x18 CMakeFiles/emmc_reader_writer.dir/C_/pico-sdk-master/lib/tinyusb/src/class/cdc/cdc_device.c.obj
                0x1000d228                tud_cdc_n_write
 .text.tud_cdc_n_write_flush
                0x1000d240       0x18 CMakeFiles/emmc_reader_writer.dir/C_/pico-sdk-master/lib/tinyusb/src/class/cdc/cdc_device.c.obj
                0x1000d240                tud_cdc_n_write_flush
 .text.tud_cdc_n_write_available
                0x1000d258       0x18 CMakeFiles/emmc_reader_writer.dir/C_/pico-sdk-master/lib/tinyusb/src/class/cdc/cdc_device.c.obj
                0x1000d258                tud_cdc_n_write_available
 .text.cdcd_init
                0x1000d270       0x64 CMakeFiles/emmc_reader_writer.dir/C_/pico-sdk-master/lib/tinyusb/src/class/cdc/cdc_device.c.obj
                0x1000d270                cdcd_init
 .text.cdcd_deinit
                0x1000d2d4        0x4 CMakeFiles/emmc_reader_writer.dir/C_/pico-sdk-master/lib/tinyusb/src/class/cdc/cdc_device.c.obj
                0x1000d2d4                cdcd_deinit
 .text.cdcd_reset
                0x1000d2d8       0x20 CMakeFiles/emmc_reader_writer.dir/C_/pico-sdk-master/lib/tinyusb/src/class/cdc/cdc_device.c.obj
                0x1000d2d8                cdcd_reset
 .text.cdcd_open
                0x1000d2f8      0x160 CMakeFiles/emmc_reader_writer.dir/C_/pico-sdk-master/lib/tinyusb/src/class/cdc/cdc_device.c.obj
                0x1000d2f8                cdcd_open
 .text.cdcd_control_xfer_cb
                0x1000d458       0xd0 CMakeFiles/emmc_reader_writer.dir/C_/pico-sdk-master/lib/tinyusb/src/class/cdc/cdc_device.c.obj
                0x1000d458                cdcd_control_xfer_cb
 .text.cdcd_xfer_cb
                0x1000d528      0x124 CMakeFiles/emmc_reader_writer.dir/C_/pico-sdk-master/lib/tinyusb/src/class/cdc/cdc_device.c.obj
                0x1000d528                cdcd_xfer_cb
 .text.tusb_rhport_init
                0x1000d64c       0x4c CMakeFiles/emmc_reader_writer.dir/C_/pico-sdk-master/lib/tinyusb/src/tusb.c.obj
                0x1000d64c                tusb_rhport_init
 .text.tu_edpt_claim
                0x1000d698       0x40 CMakeFiles/emmc_reader_writer.dir/C_/pico-sdk-master/lib/tinyusb/src/tusb.c.obj
                0x1000d698                tu_edpt_claim
 .text.tu_edpt_release
                0x1000d6d8       0x34 CMakeFiles/emmc_reader_writer.dir/C_/pico-sdk-master/lib/tinyusb/src/tusb.c.obj
                0x1000d6d8                tu_edpt_release
 .text.tu_bind_driver_to_ep_itf
                0x1000d70c       0x78 CMakeFiles/emmc_reader_writer.dir/C_/pico-sdk-master/lib/tinyusb/src/tusb.c.obj
                0x1000d70c                tu_bind_driver_to_ep_itf
 .text.tu_edpt_stream_init
                0x1000d784       0x4c CMakeFiles/emmc_reader_writer.dir/C_/pico-sdk-master/lib/tinyusb/src/tusb.c.obj
                0x1000d784                tu_edpt_stream_init
 .text.tu_edpt_stream_write_zlp_if_needed
                0x1000d7d0       0x64 CMakeFiles/emmc_reader_writer.dir/C_/pico-sdk-master/lib/tinyusb/src/tusb.c.obj
                0x1000d7d0                tu_edpt_stream_write_zlp_if_needed
 .text.tu_edpt_stream_write_xfer
                0x1000d834       0xd4 CMakeFiles/emmc_reader_writer.dir/C_/pico-sdk-master/lib/tinyusb/src/tusb.c.obj
                0x1000d834                tu_edpt_stream_write_xfer
 .text.tu_edpt_stream_write
                0x1000d908      0x11c CMakeFiles/emmc_reader_writer.dir/C_/pico-sdk-master/lib/tinyusb/src/tusb.c.obj
                0x1000d908                tu_edpt_stream_write
 .text.tu_edpt_stream_write_available
                0x1000da24       0x2c CMakeFiles/emmc_reader_writer.dir/C_/pico-sdk-master/lib/tinyusb/src/tusb.c.obj
                0x1000da24                tu_edpt_stream_write_available
 .text.tu_edpt_stream_read_xfer
                0x1000da50       0xdc CMakeFiles/emmc_reader_writer.dir/C_/pico-sdk-master/lib/tinyusb/src/tusb.c.obj
                0x1000da50                tu_edpt_stream_read_xfer
 .text.tu_edpt_stream_read
                0x1000db2c       0xe8 CMakeFiles/emmc_reader_writer.dir/C_/pico-sdk-master/lib/tinyusb/src/tusb.c.obj
                0x1000db2c                tu_edpt_stream_read
 .text.tu_fifo_config
                0x1000dc14       0x58 CMakeFiles/emmc_reader_writer.dir/C_/pico-sdk-master/lib/tinyusb/src/common/tusb_fifo.c.obj
                0x1000dc14                tu_fifo_config
 .text.tu_fifo_clear
                0x1000dc6c       0x3c CMakeFiles/emmc_reader_writer.dir/C_/pico-sdk-master/lib/tinyusb/src/common/tusb_fifo.c.obj
                0x1000dc6c                tu_fifo_clear
 .text.tu_fifo_set_overwritable
                0x1000dca8       0x40 CMakeFiles/emmc_reader_writer.dir/C_/pico-sdk-master/lib/tinyusb/src/common/tusb_fifo.c.obj
                0x1000dca8                tu_fifo_set_overwritable
 .text.tu_fifo_read_n_access_mode
                0x1000dce8       0xcc CMakeFiles/emmc_reader_writer.dir/C_/pico-sdk-master/lib/tinyusb/src/common/tusb_fifo.c.obj
                0x1000dce8                tu_fifo_read_n_access_mode
 .text.tu_fifo_write_n_access_mode
                0x1000ddb4      0x154 CMakeFiles/emmc_reader_writer.dir/C_/pico-sdk-master/lib/tinyusb/src/common/tusb_fifo.c.obj
                0x1000ddb4                tu_fifo_write_n_access_mode
 .text.tu_fifo_get_read_info
                0x1000df08       0xcc CMakeFiles/emmc_reader_writer.dir/C_/pico-sdk-master/lib/tinyusb/src/common/tusb_fifo.c.obj
                0x1000df08                tu_fifo_get_read_info
 .text.pio_claim_unused_sm
                0x1000dfd4       0x38 CMakeFiles/emmc_reader_writer.dir/C_/pico-sdk-master/src/rp2_common/hardware_pio/pio.c.obj
                0x1000dfd4                pio_claim_unused_sm
 .text.pio_can_add_program
                0x1000e00c       0x7c CMakeFiles/emmc_reader_writer.dir/C_/pico-sdk-master/src/rp2_common/hardware_pio/pio.c.obj
                0x1000e00c                pio_can_add_program
 .text.pio_add_program
                0x1000e088       0xe8 CMakeFiles/emmc_reader_writer.dir/C_/pico-sdk-master/src/rp2_common/hardware_pio/pio.c.obj
                0x1000e088                pio_add_program
 .text.pio_sm_set_consecutive_pindirs
                0x1000e170       0xb0 CMakeFiles/emmc_reader_writer.dir/C_/pico-sdk-master/src/rp2_common/hardware_pio/pio.c.obj
                0x1000e170                pio_sm_set_consecutive_pindirs
 .text.pio_sm_init
                0x1000e220       0xa8 CMakeFiles/emmc_reader_writer.dir/C_/pico-sdk-master/src/rp2_common/hardware_pio/pio.c.obj
                0x1000e220                pio_sm_init
 .text.board_get_unique_id
                0x1000e2c8       0x24 CMakeFiles/emmc_reader_writer.dir/C_/pico-sdk-master/lib/tinyusb/hw/bsp/rp2040/family.c.obj
                0x1000e2c8                board_get_unique_id
 .text._calloc_r
                0x1000e2ec       0xb8 C:/Program Files/Arm/GNU Toolchain mingw-w64-x86_64-arm-none-eabi/bin/../lib/gcc/arm-none-eabi/15.3.1/../../../../arm-none-eabi/lib/thumb/v6-m/nofp\libg.a(libc_a-callocr.o)
                0x1000e2ec                _calloc_r
 .text.malloc   0x1000e3a4       0x14 C:/Program Files/Arm/GNU Toolchain mingw-w64-x86_64-arm-none-eabi/bin/../lib/gcc/arm-none-eabi/15.3.1/../../../../arm-none-eabi/lib/thumb/v6-m/nofp\libg.a(libc_a-malloc.o)
                0x1000e3a4                malloc
 .text.free     0x1000e3b8       0x14 C:/Program Files/Arm/GNU Toolchain mingw-w64-x86_64-arm-none-eabi/bin/../lib/gcc/arm-none-eabi/15.3.1/../../../../arm-none-eabi/lib/thumb/v6-m/nofp\libg.a(libc_a-malloc.o)
                0x1000e3b8                free
 .text._malloc_r
                0x1000e3cc      0x564 C:/Program Files/Arm/GNU Toolchain mingw-w64-x86_64-arm-none-eabi/bin/../lib/gcc/arm-none-eabi/15.3.1/../../../../arm-none-eabi/lib/thumb/v6-m/nofp\libg.a(libc_a-mallocr.o)
                0x1000e3cc                _malloc_r
 .text.__malloc_lock
                0x1000e930       0x10 C:/Program Files/Arm/GNU Toolchain mingw-w64-x86_64-arm-none-eabi/bin/../lib/gcc/arm-none-eabi/15.3.1/../../../../arm-none-eabi/lib/thumb/v6-m/nofp\libg.a(libc_a-mlock.o)
                0x1000e930                __malloc_lock
 .text.__malloc_unlock
                0x1000e940       0x10 C:/Program Files/Arm/GNU Toolchain mingw-w64-x86_64-arm-none-eabi/bin/../lib/gcc/arm-none-eabi/15.3.1/../../../../arm-none-eabi/lib/thumb/v6-m/nofp\libg.a(libc_a-mlock.o)
                0x1000e940                __malloc_unlock
 .text.realloc  0x1000e950       0x14 C:/Program Files/Arm/GNU Toolchain mingw-w64-x86_64-arm-none-eabi/bin/../lib/gcc/arm-none-eabi/15.3.1/../../../../arm-none-eabi/lib/thumb/v6-m/nofp\libg.a(libc_a-realloc.o)
                0x1000e950                realloc
 .text._realloc_r
                0x1000e964      0x328 C:/Program Files/Arm/GNU Toolchain mingw-w64-x86_64-arm-none-eabi/bin/../lib/gcc/arm-none-eabi/15.3.1/../../../../arm-none-eabi/lib/thumb/v6-m/nofp\libg.a(libc_a-reallocr.o)
                0x1000e964                _realloc_r
 .text.sscanf   0x1000ec8c       0x54 C:/Program Files/Arm/GNU Toolchain mingw-w64-x86_64-arm-none-eabi/bin/../lib/gcc/arm-none-eabi/15.3.1/../../../../arm-none-eabi/lib/thumb/v6-m/nofp\libg.a(libc_a-sscanf.o)
                0x1000ec8c                sscanf
 .text.__seofread
                0x1000ece0        0x4 C:/Program Files/Arm/GNU Toolchain mingw-w64-x86_64-arm-none-eabi/bin/../lib/gcc/arm-none-eabi/15.3.1/../../../../arm-none-eabi/lib/thumb/v6-m/nofp\libg.a(libc_a-stdio.o)
                0x1000ece0                __seofread
 .text.memcmp   0x1000ece4       0x44 C:/Program Files/Arm/GNU Toolchain mingw-w64-x86_64-arm-none-eabi/bin/../lib/gcc/arm-none-eabi/15.3.1/../../../../arm-none-eabi/lib/thumb/v6-m/nofp\libg.a(libc_a-memcmp.o)
                0x1000ece4                memcmp
 .text.memmove  0x1000ed28      0x104 C:/Program Files/Arm/GNU Toolchain mingw-w64-x86_64-arm-none-eabi/bin/../lib/gcc/arm-none-eabi/15.3.1/../../../../arm-none-eabi/lib/thumb/v6-m/nofp\libg.a(libc_a-memmove.o)
                0x1000ed28                memmove
 .text.strcspn  0x1000ee2c       0x44 C:/Program Files/Arm/GNU Toolchain mingw-w64-x86_64-arm-none-eabi/bin/../lib/gcc/arm-none-eabi/15.3.1/../../../../arm-none-eabi/lib/thumb/v6-m/nofp\libg.a(libc_a-strcspn.o)
                0x1000ee2c                strcspn
 .text.strncmp  0x1000ee70       0x6c C:/Program Files/Arm/GNU Toolchain mingw-w64-x86_64-arm-none-eabi/bin/../lib/gcc/arm-none-eabi/15.3.1/../../../../arm-none-eabi/lib/thumb/v6-m/nofp\libg.a(libc_a-strncmp.o)
                0x1000ee70                strncmp
 .text.critical_factorization
                0x1000eedc       0xc8 C:/Program Files/Arm/GNU Toolchain mingw-w64-x86_64-arm-none-eabi/bin/../lib/gcc/arm-none-eabi/15.3.1/../../../../arm-none-eabi/lib/thumb/v6-m/nofp\libg.a(libc_a-strstr.o)
 .text.two_way_long_needle
                0x1000efa4      0x200 C:/Program Files/Arm/GNU Toolchain mingw-w64-x86_64-arm-none-eabi/bin/../lib/gcc/arm-none-eabi/15.3.1/../../../../arm-none-eabi/lib/thumb/v6-m/nofp\libg.a(libc_a-strstr.o)
 .text.strstr   0x1000f1a4      0x180 C:/Program Files/Arm/GNU Toolchain mingw-w64-x86_64-arm-none-eabi/bin/../lib/gcc/arm-none-eabi/15.3.1/../../../../arm-none-eabi/lib/thumb/v6-m/nofp\libg.a(libc_a-strstr.o)
                0x1000f1a4                strstr
 .text._sbrk_r  0x1000f324       0x24 C:/Program Files/Arm/GNU Toolchain mingw-w64-x86_64-arm-none-eabi/bin/../lib/gcc/arm-none-eabi/15.3.1/../../../../arm-none-eabi/lib/thumb/v6-m/nofp\libg.a(libc_a-sbrkr.o)
                0x1000f324                _sbrk_r
 .text.__errno  0x1000f348        0xc C:/Program Files/Arm/GNU Toolchain mingw-w64-x86_64-arm-none-eabi/bin/../lib/gcc/arm-none-eabi/15.3.1/../../../../arm-none-eabi/lib/thumb/v6-m/nofp\libg.a(libc_a-errno.o)
                0x1000f348                __errno
 .text.__retarget_lock_acquire_recursive
                0x1000f354        0x4 C:/Program Files/Arm/GNU Toolchain mingw-w64-x86_64-arm-none-eabi/bin/../lib/gcc/arm-none-eabi/15.3.1/../../../../arm-none-eabi/lib/thumb/v6-m/nofp\libg.a(libc_a-lock.o)
                0x1000f354                __retarget_lock_acquire_recursive
 .text.__retarget_lock_release_recursive
                0x1000f358        0x4 C:/Program Files/Arm/GNU Toolchain mingw-w64-x86_64-arm-none-eabi/bin/../lib/gcc/arm-none-eabi/15.3.1/../../../../arm-none-eabi/lib/thumb/v6-m/nofp\libg.a(libc_a-lock.o)
                0x1000f358                __retarget_lock_release_recursive
 .text.sysconf  0x1000f35c       0x1c C:/Program Files/Arm/GNU Toolchain mingw-w64-x86_64-arm-none-eabi/bin/../lib/gcc/arm-none-eabi/15.3.1/../../../../arm-none-eabi/lib/thumb/v6-m/nofp\libg.a(libc_a-sysconf.o)
                0x1000f35c                sysconf
 .text          0x1000f378       0x88 C:/Program Files/Arm/GNU Toolchain mingw-w64-x86_64-arm-none-eabi/bin/../lib/gcc/arm-none-eabi/15.3.1/../../../../arm-none-eabi/lib/thumb/v6-m/nofp\libg.a(libc_a-strcmp.o)
                0x1000f378                strcmp
 .text.strlen   0x1000f400       0x60 C:/Program Files/Arm/GNU Toolchain mingw-w64-x86_64-arm-none-eabi/bin/../lib/gcc/arm-none-eabi/15.3.1/../../../../arm-none-eabi/lib/thumb/v6-m/nofp\libg.a(libc_a-strlen-stub.o)
                0x1000f400                strlen
 .text._malloc_trim_r
                0x1000f460       0xb0 C:/Program Files/Arm/GNU Toolchain mingw-w64-x86_64-arm-none-eabi/bin/../lib/gcc/arm-none-eabi/15.3.1/../../../../arm-none-eabi/lib/thumb/v6-m/nofp\libg.a(libc_a-freer.o)
                0x1000f460                _malloc_trim_r
 .text._free_r  0x1000f510      0x1d4 C:/Program Files/Arm/GNU Toolchain mingw-w64-x86_64-arm-none-eabi/bin/../lib/gcc/arm-none-eabi/15.3.1/../../../../arm-none-eabi/lib/thumb/v6-m/nofp\libg.a(libc_a-freer.o)
                0x1000f510                _free_r
 .text._strtoul_l.isra.0
                0x1000f6e4      0x144 C:/Program Files/Arm/GNU Toolchain mingw-w64-x86_64-arm-none-eabi/bin/../lib/gcc/arm-none-eabi/15.3.1/../../../../arm-none-eabi/lib/thumb/v6-m/nofp\libg.a(libc_a-strtoul.o)
 .text._strtoul_r
                0x1000f828        0x8 C:/Program Files/Arm/GNU Toolchain mingw-w64-x86_64-arm-none-eabi/bin/../lib/gcc/arm-none-eabi/15.3.1/../../../../arm-none-eabi/lib/thumb/v6-m/nofp\libg.a(libc_a-strtoul.o)
                0x1000f828                _strtoul_r
 .text._sungetc_r
                0x1000f830       0x84 C:/Program Files/Arm/GNU Toolchain mingw-w64-x86_64-arm-none-eabi/bin/../lib/gcc/arm-none-eabi/15.3.1/../../../../arm-none-eabi/lib/thumb/v6-m/nofp\libg.a(libc_a-svfiscanf.o)
                0x1000f830                _sungetc_r
 .text.__ssrefill_r
                0x1000f8b4       0x40 C:/Program Files/Arm/GNU Toolchain mingw-w64-x86_64-arm-none-eabi/bin/../lib/gcc/arm-none-eabi/15.3.1/../../../../arm-none-eabi/lib/thumb/v6-m/nofp\libg.a(libc_a-svfiscanf.o)
                0x1000f8b4                __ssrefill_r
 .text._sfread_r
                0x1000f8f4       0xb8 C:/Program Files/Arm/GNU Toolchain mingw-w64-x86_64-arm-none-eabi/bin/../lib/gcc/arm-none-eabi/15.3.1/../../../../arm-none-eabi/lib/thumb/v6-m/nofp\libg.a(libc_a-svfiscanf.o)
                0x1000f8f4                _sfread_r
 .text.__ssvfscanf_r
                0x1000f9ac     0x1a44 C:/Program Files/Arm/GNU Toolchain mingw-w64-x86_64-arm-none-eabi/bin/../lib/gcc/arm-none-eabi/15.3.1/../../../../arm-none-eabi/lib/thumb/v6-m/nofp\libg.a(libc_a-svfscanf.o)
                0x1000f9ac                __ssvfscanf_r
 .text.__sccl   0x100113f0       0x88 C:/Program Files/Arm/GNU Toolchain mingw-w64-x86_64-arm-none-eabi/bin/../lib/gcc/arm-none-eabi/15.3.1/../../../../arm-none-eabi/lib/thumb/v6-m/nofp\libg.a(libc_a-sccl.o)
                0x100113f0                __sccl
 .text.__submore
                0x10011478       0x78 C:/Program Files/Arm/GNU Toolchain mingw-w64-x86_64-arm-none-eabi/bin/../lib/gcc/arm-none-eabi/15.3.1/../../../../arm-none-eabi/lib/thumb/v6-m/nofp\libg.a(libc_a-ungetc.o)
                0x10011478                __submore
 .text.strchr   0x100114f0       0xb4 C:/Program Files/Arm/GNU Toolchain mingw-w64-x86_64-arm-none-eabi/bin/../lib/gcc/arm-none-eabi/15.3.1/../../../../arm-none-eabi/lib/thumb/v6-m/nofp\libg.a(libc_a-strchr.o)
                0x100114f0                strchr
 .text.strnlen  0x100115a4       0x20 C:/Program Files/Arm/GNU Toolchain mingw-w64-x86_64-arm-none-eabi/bin/../lib/gcc/arm-none-eabi/15.3.1/../../../../arm-none-eabi/lib/thumb/v6-m/nofp\libg.a(libc_a-strnlen.o)
                0x100115a4                strnlen
 .text.stpncpy  0x100115c4       0x6c C:/Program Files/Arm/GNU Toolchain mingw-w64-x86_64-arm-none-eabi/bin/../lib/gcc/arm-none-eabi/15.3.1/../../../../arm-none-eabi/lib/thumb/v6-m/nofp\libg.a(libc_a-stpncpy.o)
                0x100115c4                stpncpy
 .text.__locale_mb_cur_max
                0x10011630       0x10 C:/Program Files/Arm/GNU Toolchain mingw-w64-x86_64-arm-none-eabi/bin/../lib/gcc/arm-none-eabi/15.3.1/../../../../arm-none-eabi/lib/thumb/v6-m/nofp\libg.a(libc_a-locale.o)
                0x10011630                __locale_mb_cur_max
 .text._localeconv_r
                0x10011640        0x8 C:/Program Files/Arm/GNU Toolchain mingw-w64-x86_64-arm-none-eabi/bin/../lib/gcc/arm-none-eabi/15.3.1/../../../../arm-none-eabi/lib/thumb/v6-m/nofp\libg.a(libc_a-localeconv.o)
                0x10011640                _localeconv_r
 .text.nanf     0x10011648        0x8 C:/Program Files/Arm/GNU Toolchain mingw-w64-x86_64-arm-none-eabi/bin/../lib/gcc/arm-none-eabi/15.3.1/../../../../arm-none-eabi/lib/thumb/v6-m/nofp\libg.a(libm_a-sf_nan.o)
                0x10011648                nanf
 .text.__ascii_mbtowc
                0x10011650       0x2c C:/Program Files/Arm/GNU Toolchain mingw-w64-x86_64-arm-none-eabi/bin/../lib/gcc/arm-none-eabi/15.3.1/../../../../arm-none-eabi/lib/thumb/v6-m/nofp\libg.a(libc_a-mbtowc_r.o)
                0x10011650                __ascii_mbtowc
 .text.sulp     0x1001167c       0x30 C:/Program Files/Arm/GNU Toolchain mingw-w64-x86_64-arm-none-eabi/bin/../lib/gcc/arm-none-eabi/15.3.1/../../../../arm-none-eabi/lib/thumb/v6-m/nofp\libg.a(libc_a-strtod.o)
 .text._strtod_l
                0x100116ac      0xf90 C:/Program Files/Arm/GNU Toolchain mingw-w64-x86_64-arm-none-eabi/bin/../lib/gcc/arm-none-eabi/15.3.1/../../../../arm-none-eabi/lib/thumb/v6-m/nofp\libg.a(libc_a-strtod.o)
                0x100116ac                _strtod_l
 .text._strtod_r
                0x1001263c       0x10 C:/Program Files/Arm/GNU Toolchain mingw-w64-x86_64-arm-none-eabi/bin/../lib/gcc/arm-none-eabi/15.3.1/../../../../arm-none-eabi/lib/thumb/v6-m/nofp\libg.a(libc_a-strtod.o)
                0x1001263c                _strtod_r
 .text._strtol_l.isra.0
                0x1001264c      0x154 C:/Program Files/Arm/GNU Toolchain mingw-w64-x86_64-arm-none-eabi/bin/../lib/gcc/arm-none-eabi/15.3.1/../../../../arm-none-eabi/lib/thumb/v6-m/nofp\libg.a(libc_a-strtol.o)
 .text._strtol_r
                0x100127a0        0x8 C:/Program Files/Arm/GNU Toolchain mingw-w64-x86_64-arm-none-eabi/bin/../lib/gcc/arm-none-eabi/15.3.1/../../../../arm-none-eabi/lib/thumb/v6-m/nofp\libg.a(libc_a-strtol.o)
                0x100127a0                _strtol_r
 .text.__ascii_wctomb
                0x100127a8       0x1c C:/Program Files/Arm/GNU Toolchain mingw-w64-x86_64-arm-none-eabi/bin/../lib/gcc/arm-none-eabi/15.3.1/../../../../arm-none-eabi/lib/thumb/v6-m/nofp\libg.a(libc_a-wctomb_r.o)
                0x100127a8                __ascii_wctomb
 .text._strtoll_l.isra.0
                0x100127c4      0x19c C:/Program Files/Arm/GNU Toolchain mingw-w64-x86_64-arm-none-eabi/bin/../lib/gcc/arm-none-eabi/15.3.1/../../../../arm-none-eabi/lib/thumb/v6-m/nofp\libg.a(libc_a-strtoll.o)
 .text._strtoll_r
                0x10012960        0x8 C:/Program Files/Arm/GNU Toolchain mingw-w64-x86_64-arm-none-eabi/bin/../lib/gcc/arm-none-eabi/15.3.1/../../../../arm-none-eabi/lib/thumb/v6-m/nofp\libg.a(libc_a-strtoll.o)
                0x10012960                _strtoll_r
 .text._strtoull_l.isra.0
                0x10012968      0x1c4 C:/Program Files/Arm/GNU Toolchain mingw-w64-x86_64-arm-none-eabi/bin/../lib/gcc/arm-none-eabi/15.3.1/../../../../arm-none-eabi/lib/thumb/v6-m/nofp\libg.a(libc_a-strtoull.o)
 .text._strtoull_r
                0x10012b2c        0x8 C:/Program Files/Arm/GNU Toolchain mingw-w64-x86_64-arm-none-eabi/bin/../lib/gcc/arm-none-eabi/15.3.1/../../../../arm-none-eabi/lib/thumb/v6-m/nofp\libg.a(libc_a-strtoull.o)
                0x10012b2c                _strtoull_r
 .text._mbrtowc_r
                0x10012b34       0x64 C:/Program Files/Arm/GNU Toolchain mingw-w64-x86_64-arm-none-eabi/bin/../lib/gcc/arm-none-eabi/15.3.1/../../../../arm-none-eabi/lib/thumb/v6-m/nofp\libg.a(libc_a-mbrtowc.o)
                0x10012b34                _mbrtowc_r
 .text.iswspace
                0x10012b98        0xc C:/Program Files/Arm/GNU Toolchain mingw-w64-x86_64-arm-none-eabi/bin/../lib/gcc/arm-none-eabi/15.3.1/../../../../arm-none-eabi/lib/thumb/v6-m/nofp\libg.a(libc_a-iswspace.o)
                0x10012b98                iswspace
 .text.iswspace_l
                0x10012ba4       0x28 C:/Program Files/Arm/GNU Toolchain mingw-w64-x86_64-arm-none-eabi/bin/../lib/gcc/arm-none-eabi/15.3.1/../../../../arm-none-eabi/lib/thumb/v6-m/nofp\libg.a(libc_a-iswspace_l.o)
                0x10012ba4                iswspace_l
 .text.__jp2uc  0x10012bcc      0x154 C:/Program Files/Arm/GNU Toolchain mingw-w64-x86_64-arm-none-eabi/bin/../lib/gcc/arm-none-eabi/15.3.1/../../../../arm-none-eabi/lib/thumb/v6-m/nofp\libg.a(libc_a-jp2uc.o)
 .text._jp2uc_l
                0x10012d20       0x74 C:/Program Files/Arm/GNU Toolchain mingw-w64-x86_64-arm-none-eabi/bin/../lib/gcc/arm-none-eabi/15.3.1/../../../../arm-none-eabi/lib/thumb/v6-m/nofp\libg.a(libc_a-jp2uc.o)
                0x10012d20                _jp2uc_l
 .text.nan      0x10012d94        0xc C:/Program Files/Arm/GNU Toolchain mingw-w64-x86_64-arm-none-eabi/bin/../lib/gcc/arm-none-eabi/15.3.1/../../../../arm-none-eabi/lib/thumb/v6-m/nofp\libg.a(libm_a-s_nan.o)
                0x10012d94                nan
 .text.rshift   0x10012da0       0xa8 C:/Program Files/Arm/GNU Toolchain mingw-w64-x86_64-arm-none-eabi/bin/../lib/gcc/arm-none-eabi/15.3.1/../../../../arm-none-eabi/lib/thumb/v6-m/nofp\libg.a(libc_a-gdtoa-gethex.o)
 .text.__gethex
                0x10012e48      0x5f8 C:/Program Files/Arm/GNU Toolchain mingw-w64-x86_64-arm-none-eabi/bin/../lib/gcc/arm-none-eabi/15.3.1/../../../../arm-none-eabi/lib/thumb/v6-m/nofp\libg.a(libc_a-gdtoa-gethex.o)
                0x10012e48                __gethex
 .text.__match  0x10013440       0x30 C:/Program Files/Arm/GNU Toolchain mingw-w64-x86_64-arm-none-eabi/bin/../lib/gcc/arm-none-eabi/15.3.1/../../../../arm-none-eabi/lib/thumb/v6-m/nofp\libg.a(libc_a-gdtoa-hexnan.o)
                0x10013440                __match
 .text.__hexnan
                0x10013470      0x1e0 C:/Program Files/Arm/GNU Toolchain mingw-w64-x86_64-arm-none-eabi/bin/../lib/gcc/arm-none-eabi/15.3.1/../../../../arm-none-eabi/lib/thumb/v6-m/nofp\libg.a(libc_a-gdtoa-hexnan.o)
                0x10013470                __hexnan
 .text._Balloc  0x10013650       0x58 C:/Program Files/Arm/GNU Toolchain mingw-w64-x86_64-arm-none-eabi/bin/../lib/gcc/arm-none-eabi/15.3.1/../../../../arm-none-eabi/lib/thumb/v6-m/nofp\libg.a(libc_a-mprec.o)
                0x10013650                _Balloc
 .text._Bfree   0x100136a8       0x14 C:/Program Files/Arm/GNU Toolchain mingw-w64-x86_64-arm-none-eabi/bin/../lib/gcc/arm-none-eabi/15.3.1/../../../../arm-none-eabi/lib/thumb/v6-m/nofp\libg.a(libc_a-mprec.o)
                0x100136a8                _Bfree
 .text.__multadd
                0x100136bc       0xa4 C:/Program Files/Arm/GNU Toolchain mingw-w64-x86_64-arm-none-eabi/bin/../lib/gcc/arm-none-eabi/15.3.1/../../../../arm-none-eabi/lib/thumb/v6-m/nofp\libg.a(libc_a-mprec.o)
                0x100136bc                __multadd
 .text.__s2b    0x10013760       0xb0 C:/Program Files/Arm/GNU Toolchain mingw-w64-x86_64-arm-none-eabi/bin/../lib/gcc/arm-none-eabi/15.3.1/../../../../arm-none-eabi/lib/thumb/v6-m/nofp\libg.a(libc_a-mprec.o)
                0x10013760                __s2b
 .text.__hi0bits
                0x10013810       0x60 C:/Program Files/Arm/GNU Toolchain mingw-w64-x86_64-arm-none-eabi/bin/../lib/gcc/arm-none-eabi/15.3.1/../../../../arm-none-eabi/lib/thumb/v6-m/nofp\libg.a(libc_a-mprec.o)
                0x10013810                __hi0bits
 .text.__lo0bits
                0x10013870       0x8c C:/Program Files/Arm/GNU Toolchain mingw-w64-x86_64-arm-none-eabi/bin/../lib/gcc/arm-none-eabi/15.3.1/../../../../arm-none-eabi/lib/thumb/v6-m/nofp\libg.a(libc_a-mprec.o)
                0x10013870                __lo0bits
 .text.__i2b    0x100138fc       0x60 C:/Program Files/Arm/GNU Toolchain mingw-w64-x86_64-arm-none-eabi/bin/../lib/gcc/arm-none-eabi/15.3.1/../../../../arm-none-eabi/lib/thumb/v6-m/nofp\libg.a(libc_a-mprec.o)
                0x100138fc                __i2b
 .text.__multiply
                0x1001395c      0x1b8 C:/Program Files/Arm/GNU Toolchain mingw-w64-x86_64-arm-none-eabi/bin/../lib/gcc/arm-none-eabi/15.3.1/../../../../arm-none-eabi/lib/thumb/v6-m/nofp\libg.a(libc_a-mprec.o)
                0x1001395c                __multiply
 .text.__pow5mult
                0x10013b14       0xd4 C:/Program Files/Arm/GNU Toolchain mingw-w64-x86_64-arm-none-eabi/bin/../lib/gcc/arm-none-eabi/15.3.1/../../../../arm-none-eabi/lib/thumb/v6-m/nofp\libg.a(libc_a-mprec.o)
                0x10013b14                __pow5mult
 .text.__lshift
                0x10013be8       0xf4 C:/Program Files/Arm/GNU Toolchain mingw-w64-x86_64-arm-none-eabi/bin/../lib/gcc/arm-none-eabi/15.3.1/../../../../arm-none-eabi/lib/thumb/v6-m/nofp\libg.a(libc_a-mprec.o)
                0x10013be8                __lshift
 .text.__mcmp   0x10013cdc       0x4c C:/Program Files/Arm/GNU Toolchain mingw-w64-x86_64-arm-none-eabi/bin/../lib/gcc/arm-none-eabi/15.3.1/../../../../arm-none-eabi/lib/thumb/v6-m/nofp\libg.a(libc_a-mprec.o)
                0x10013cdc                __mcmp
 .text.__mdiff  0x10013d28      0x1a0 C:/Program Files/Arm/GNU Toolchain mingw-w64-x86_64-arm-none-eabi/bin/../lib/gcc/arm-none-eabi/15.3.1/../../../../arm-none-eabi/lib/thumb/v6-m/nofp\libg.a(libc_a-mprec.o)
                0x10013d28                __mdiff
 .text.__ulp    0x10013ec8       0x40 C:/Program Files/Arm/GNU Toolchain mingw-w64-x86_64-arm-none-eabi/bin/../lib/gcc/arm-none-eabi/15.3.1/../../../../arm-none-eabi/lib/thumb/v6-m/nofp\libg.a(libc_a-mprec.o)
                0x10013ec8                __ulp
 .text.__b2d    0x10013f08       0xc4 C:/Program Files/Arm/GNU Toolchain mingw-w64-x86_64-arm-none-eabi/bin/../lib/gcc/arm-none-eabi/15.3.1/../../../../arm-none-eabi/lib/thumb/v6-m/nofp\libg.a(libc_a-mprec.o)
                0x10013f08                __b2d
 .text.__d2b    0x10013fcc       0xd0 C:/Program Files/Arm/GNU Toolchain mingw-w64-x86_64-arm-none-eabi/bin/../lib/gcc/arm-none-eabi/15.3.1/../../../../arm-none-eabi/lib/thumb/v6-m/nofp\libg.a(libc_a-mprec.o)
                0x10013fcc                __d2b
 .text.__ratio  0x1001409c       0x5c C:/Program Files/Arm/GNU Toolchain mingw-w64-x86_64-arm-none-eabi/bin/../lib/gcc/arm-none-eabi/15.3.1/../../../../arm-none-eabi/lib/thumb/v6-m/nofp\libg.a(libc_a-mprec.o)
                0x1001409c                __ratio
 .text.__copybits
                0x100140f8       0x44 C:/Program Files/Arm/GNU Toolchain mingw-w64-x86_64-arm-none-eabi/bin/../lib/gcc/arm-none-eabi/15.3.1/../../../../arm-none-eabi/lib/thumb/v6-m/nofp\libg.a(libc_a-mprec.o)
                0x100140f8                __copybits
 .text.__any_on
                0x1001413c       0x50 C:/Program Files/Arm/GNU Toolchain mingw-w64-x86_64-arm-none-eabi/bin/../lib/gcc/arm-none-eabi/15.3.1/../../../../arm-none-eabi/lib/thumb/v6-m/nofp\libg.a(libc_a-mprec.o)
                0x1001413c                __any_on
 .text.category
                0x1001418c       0x58 C:/Program Files/Arm/GNU Toolchain mingw-w64-x86_64-arm-none-eabi/bin/../lib/gcc/arm-none-eabi/15.3.1/../../../../arm-none-eabi/lib/thumb/v6-m/nofp\libg.a(libc_a-categories.o)
                0x1001418c                category
 *fill*         0x100141e4        0x4 
 .text.category.__stub
                0x100141e8       0xb0 linker stubs
 *(.fini)
 *crtbegin.o(.ctors)
 *crtbegin?.o(.ctors)
 *(EXCLUDE_FILE(*crtend.o *crtend?.o) .ctors)
 *(SORT_BY_NAME(.ctors.*))
 *(.ctors)
 *crtbegin.o(.dtors)
 *crtbegin?.o(.dtors)
 *(EXCLUDE_FILE(*crtend.o *crtend?.o) .dtors)
 *(SORT_BY_NAME(.dtors.*))
 *(.dtors)
                0x10014298                        . = ALIGN (0x4)